

================================================================
== Vivado HLS Report for 'beamformer'
================================================================
* Date:           Mon May 10 01:00:44 2021

* Version:        2019.2 (Build 2704478 on Wed Nov 06 22:10:23 MST 2019)
* Project:        1_beamformer.prj
* Solution:       solution1
* Product family: virtexuplus
* Target device:  xcu200-fsgd2104-2-e


================================================================
== Performance Estimates
================================================================
+ Timing: 
    * Summary: 
    +--------+----------+----------+------------+
    |  Clock |  Target  | Estimated| Uncertainty|
    +--------+----------+----------+------------+
    |ap_clk  | 10.00 ns | 8.750 ns |   1.25 ns  |
    +--------+----------+----------+------------+

+ Latency: 
    * Summary: 
    +---------+---------+----------+----------+-------+-------+---------+
    |  Latency (cycles) |  Latency (absolute) |    Interval   | Pipeline|
    |   min   |   max   |    min   |    max   |  min  |  max  |   Type  |
    +---------+---------+----------+----------+-------+-------+---------+
    |    62535|    62535| 0.625 ms | 0.625 ms |  62535|  62535|   none  |
    +---------+---------+----------+----------+-------+-------+---------+

    + Detail: 
        * Instance: 
        N/A

        * Loop: 
        +----------+---------+---------+----------+-----------+-----------+-------+----------+
        |          |  Latency (cycles) | Iteration|  Initiation Interval  |  Trip |          |
        | Loop Name|   min   |   max   |  Latency |  achieved |   target  | Count | Pipelined|
        +----------+---------+---------+----------+-----------+-----------+-------+----------+
        |- readA   |    50000|    50000|         5|          -|          -|  10000|    no    |
        |- loop1   |     5002|     5002|         5|          2|          1|   2500|    yes   |
        |- writeC  |     7500|     7500|         4|          -|          -|   1875|    no    |
        +----------+---------+---------+----------+-----------+-----------+-------+----------+



================================================================
== Utilization Estimates
================================================================
* Summary: 
+---------------------+---------+-------+---------+---------+-----+
|         Name        | BRAM_18K| DSP48E|    FF   |   LUT   | URAM|
+---------------------+---------+-------+---------+---------+-----+
|DSP                  |        -|      -|        -|        -|    -|
|Expression           |        -|    576|        0|     9260|    -|
|FIFO                 |        -|      -|        -|        -|    -|
|Instance             |       16|      -|     1484|     1998|    -|
|Memory               |      182|      -|        0|        0|    0|
|Multiplexer          |        -|      -|        -|     1186|    -|
|Register             |        -|      -|     6485|        -|    -|
+---------------------+---------+-------+---------+---------+-----+
|Total                |      198|    576|     7969|    12444|    0|
+---------------------+---------+-------+---------+---------+-----+
|Available SLR        |     1440|   2280|   788160|   394080|  320|
+---------------------+---------+-------+---------+---------+-----+
|Utilization SLR (%)  |       13|     25|        1|        3|    0|
+---------------------+---------+-------+---------+---------+-----+
|Available            |     4320|   6840|  2364480|  1182240|  960|
+---------------------+---------+-------+---------+---------+-----+
|Utilization (%)      |        4|      8|    ~0   |        1|    0|
+---------------------+---------+-------+---------+---------+-----+

+ Detail: 
    * Instance: 
    +-----------------------------+---------------------------+---------+-------+-----+-----+-----+
    |           Instance          |           Module          | BRAM_18K| DSP48E|  FF | LUT | URAM|
    +-----------------------------+---------------------------+---------+-------+-----+-----+-----+
    |beamformer_AXILiteS_s_axi_U  |beamformer_AXILiteS_s_axi  |        0|      0|  258|  424|    0|
    |beamformer_gmemi_m_axi_U     |beamformer_gmemi_m_axi     |        8|      0|  613|  787|    0|
    |beamformer_gmemq_m_axi_U     |beamformer_gmemq_m_axi     |        8|      0|  613|  787|    0|
    +-----------------------------+---------------------------+---------+-------+-----+-----+-----+
    |Total                        |                           |       16|      0| 1484| 1998|    0|
    +-----------------------------+---------------------------+---------+-------+-----+-----+-----+

    * DSP48E: 
    N/A

    * Memory: 
    +---------+------------------+---------+---+----+-----+-------+-----+------+-------------+
    |  Memory |      Module      | BRAM_18K| FF| LUT| URAM| Words | Bits| Banks| W*Bits*Banks|
    +---------+------------------+---------+---+----+-----+-------+-----+------+-------------+
    |Bi_U     |beamformer_Bi     |       15|  0|   0|    0|   7500|   32|     1|       240000|
    |Bq_U     |beamformer_Bi     |       15|  0|   0|    0|   7500|   32|     1|       240000|
    |RXi_0_U  |beamformer_RXi_0  |       19|  0|   0|    0|  10000|   32|     1|       320000|
    |RXi_1_U  |beamformer_RXi_0  |       19|  0|   0|    0|  10000|   32|     1|       320000|
    |RXi_2_U  |beamformer_RXi_0  |       19|  0|   0|    0|  10000|   32|     1|       320000|
    |RXi_3_U  |beamformer_RXi_0  |       19|  0|   0|    0|  10000|   32|     1|       320000|
    |RXq_0_U  |beamformer_RXi_0  |       19|  0|   0|    0|  10000|   32|     1|       320000|
    |RXq_1_U  |beamformer_RXi_0  |       19|  0|   0|    0|  10000|   32|     1|       320000|
    |RXq_2_U  |beamformer_RXi_0  |       19|  0|   0|    0|  10000|   32|     1|       320000|
    |RXq_3_U  |beamformer_RXi_0  |       19|  0|   0|    0|  10000|   32|     1|       320000|
    +---------+------------------+---------+---+----+-----+-------+-----+------+-------------+
    |Total    |                  |      182|  0|   0|    0|  95000|  320|    10|      3040000|
    +---------+------------------+---------+---+----+-----+-------+-----+------+-------------+

    * FIFO: 
    N/A

    * Expression: 
    +---------------------------+----------+-------+---+----+------------+------------+
    |       Variable Name       | Operation| DSP48E| FF| LUT| Bitwidth P0| Bitwidth P1|
    +---------------------------+----------+-------+---+----+------------+------------+
    |mul_ln190_10_fu_1940_p2    |     *    |      3|  0|  20|          32|          32|
    |mul_ln190_11_fu_1945_p2    |     *    |      3|  0|  20|          32|          32|
    |mul_ln190_12_fu_1972_p2    |     *    |      3|  0|  20|          32|          32|
    |mul_ln190_13_fu_1977_p2    |     *    |      3|  0|  20|          32|          32|
    |mul_ln190_14_fu_1992_p2    |     *    |      3|  0|  20|          32|          32|
    |mul_ln190_15_fu_1997_p2    |     *    |      3|  0|  20|          32|          32|
    |mul_ln190_16_fu_2735_p2    |     *    |      3|  0|  20|          32|          32|
    |mul_ln190_17_fu_2740_p2    |     *    |      3|  0|  20|          32|          32|
    |mul_ln190_18_fu_2767_p2    |     *    |      3|  0|  20|          32|          32|
    |mul_ln190_19_fu_2772_p2    |     *    |      3|  0|  20|          32|          32|
    |mul_ln190_1_fu_1791_p2     |     *    |      3|  0|  20|          32|          32|
    |mul_ln190_20_fu_2799_p2    |     *    |      3|  0|  20|          32|          32|
    |mul_ln190_21_fu_2804_p2    |     *    |      3|  0|  20|          32|          32|
    |mul_ln190_22_fu_2831_p2    |     *    |      3|  0|  20|          32|          32|
    |mul_ln190_23_fu_2836_p2    |     *    |      3|  0|  20|          32|          32|
    |mul_ln190_24_fu_2863_p2    |     *    |      3|  0|  20|          32|          32|
    |mul_ln190_25_fu_2868_p2    |     *    |      3|  0|  20|          32|          32|
    |mul_ln190_26_fu_2895_p2    |     *    |      3|  0|  20|          32|          32|
    |mul_ln190_27_fu_2900_p2    |     *    |      3|  0|  20|          32|          32|
    |mul_ln190_28_fu_2927_p2    |     *    |      3|  0|  20|          32|          32|
    |mul_ln190_29_fu_2932_p2    |     *    |      3|  0|  20|          32|          32|
    |mul_ln190_2_fu_1812_p2     |     *    |      3|  0|  20|          32|          32|
    |mul_ln190_30_fu_2947_p2    |     *    |      3|  0|  20|          32|          32|
    |mul_ln190_31_fu_2952_p2    |     *    |      3|  0|  20|          32|          32|
    |mul_ln190_32_fu_2096_p2    |     *    |      3|  0|  20|          32|          32|
    |mul_ln190_33_fu_2101_p2    |     *    |      3|  0|  20|          32|          32|
    |mul_ln190_34_fu_2122_p2    |     *    |      3|  0|  20|          32|          32|
    |mul_ln190_35_fu_2127_p2    |     *    |      3|  0|  20|          32|          32|
    |mul_ln190_36_fu_2154_p2    |     *    |      3|  0|  20|          32|          32|
    |mul_ln190_37_fu_2159_p2    |     *    |      3|  0|  20|          32|          32|
    |mul_ln190_38_fu_2186_p2    |     *    |      3|  0|  20|          32|          32|
    |mul_ln190_39_fu_2191_p2    |     *    |      3|  0|  20|          32|          32|
    |mul_ln190_3_fu_1817_p2     |     *    |      3|  0|  20|          32|          32|
    |mul_ln190_40_fu_2218_p2    |     *    |      3|  0|  20|          32|          32|
    |mul_ln190_41_fu_2223_p2    |     *    |      3|  0|  20|          32|          32|
    |mul_ln190_42_fu_2250_p2    |     *    |      3|  0|  20|          32|          32|
    |mul_ln190_43_fu_2255_p2    |     *    |      3|  0|  20|          32|          32|
    |mul_ln190_44_fu_2282_p2    |     *    |      3|  0|  20|          32|          32|
    |mul_ln190_45_fu_2287_p2    |     *    |      3|  0|  20|          32|          32|
    |mul_ln190_46_fu_2302_p2    |     *    |      3|  0|  20|          32|          32|
    |mul_ln190_47_fu_2307_p2    |     *    |      3|  0|  20|          32|          32|
    |mul_ln190_48_fu_3086_p2    |     *    |      3|  0|  20|          32|          32|
    |mul_ln190_49_fu_3091_p2    |     *    |      3|  0|  20|          32|          32|
    |mul_ln190_4_fu_1844_p2     |     *    |      3|  0|  20|          32|          32|
    |mul_ln190_50_fu_3118_p2    |     *    |      3|  0|  20|          32|          32|
    |mul_ln190_51_fu_3123_p2    |     *    |      3|  0|  20|          32|          32|
    |mul_ln190_52_fu_3150_p2    |     *    |      3|  0|  20|          32|          32|
    |mul_ln190_53_fu_3155_p2    |     *    |      3|  0|  20|          32|          32|
    |mul_ln190_54_fu_3182_p2    |     *    |      3|  0|  20|          32|          32|
    |mul_ln190_55_fu_3187_p2    |     *    |      3|  0|  20|          32|          32|
    |mul_ln190_56_fu_3214_p2    |     *    |      3|  0|  20|          32|          32|
    |mul_ln190_57_fu_3219_p2    |     *    |      3|  0|  20|          32|          32|
    |mul_ln190_58_fu_3246_p2    |     *    |      3|  0|  20|          32|          32|
    |mul_ln190_59_fu_3251_p2    |     *    |      3|  0|  20|          32|          32|
    |mul_ln190_5_fu_1849_p2     |     *    |      3|  0|  20|          32|          32|
    |mul_ln190_60_fu_3278_p2    |     *    |      3|  0|  20|          32|          32|
    |mul_ln190_61_fu_3283_p2    |     *    |      3|  0|  20|          32|          32|
    |mul_ln190_62_fu_3298_p2    |     *    |      3|  0|  20|          32|          32|
    |mul_ln190_63_fu_3303_p2    |     *    |      3|  0|  20|          32|          32|
    |mul_ln190_64_fu_2406_p2    |     *    |      3|  0|  20|          32|          32|
    |mul_ln190_65_fu_2411_p2    |     *    |      3|  0|  20|          32|          32|
    |mul_ln190_66_fu_2432_p2    |     *    |      3|  0|  20|          32|          32|
    |mul_ln190_67_fu_2437_p2    |     *    |      3|  0|  20|          32|          32|
    |mul_ln190_68_fu_2464_p2    |     *    |      3|  0|  20|          32|          32|
    |mul_ln190_69_fu_2469_p2    |     *    |      3|  0|  20|          32|          32|
    |mul_ln190_6_fu_1876_p2     |     *    |      3|  0|  20|          32|          32|
    |mul_ln190_70_fu_2496_p2    |     *    |      3|  0|  20|          32|          32|
    |mul_ln190_71_fu_2501_p2    |     *    |      3|  0|  20|          32|          32|
    |mul_ln190_72_fu_2528_p2    |     *    |      3|  0|  20|          32|          32|
    |mul_ln190_73_fu_2533_p2    |     *    |      3|  0|  20|          32|          32|
    |mul_ln190_74_fu_2560_p2    |     *    |      3|  0|  20|          32|          32|
    |mul_ln190_75_fu_2565_p2    |     *    |      3|  0|  20|          32|          32|
    |mul_ln190_76_fu_2592_p2    |     *    |      3|  0|  20|          32|          32|
    |mul_ln190_77_fu_2597_p2    |     *    |      3|  0|  20|          32|          32|
    |mul_ln190_78_fu_2612_p2    |     *    |      3|  0|  20|          32|          32|
    |mul_ln190_79_fu_2617_p2    |     *    |      3|  0|  20|          32|          32|
    |mul_ln190_7_fu_1881_p2     |     *    |      3|  0|  20|          32|          32|
    |mul_ln190_80_fu_3437_p2    |     *    |      3|  0|  20|          32|          32|
    |mul_ln190_81_fu_3442_p2    |     *    |      3|  0|  20|          32|          32|
    |mul_ln190_82_fu_3469_p2    |     *    |      3|  0|  20|          32|          32|
    |mul_ln190_83_fu_3474_p2    |     *    |      3|  0|  20|          32|          32|
    |mul_ln190_84_fu_3501_p2    |     *    |      3|  0|  20|          32|          32|
    |mul_ln190_85_fu_3506_p2    |     *    |      3|  0|  20|          32|          32|
    |mul_ln190_86_fu_3533_p2    |     *    |      3|  0|  20|          32|          32|
    |mul_ln190_87_fu_3538_p2    |     *    |      3|  0|  20|          32|          32|
    |mul_ln190_88_fu_3565_p2    |     *    |      3|  0|  20|          32|          32|
    |mul_ln190_89_fu_3570_p2    |     *    |      3|  0|  20|          32|          32|
    |mul_ln190_8_fu_1908_p2     |     *    |      3|  0|  20|          32|          32|
    |mul_ln190_90_fu_3597_p2    |     *    |      3|  0|  20|          32|          32|
    |mul_ln190_91_fu_3602_p2    |     *    |      3|  0|  20|          32|          32|
    |mul_ln190_92_fu_3629_p2    |     *    |      3|  0|  20|          32|          32|
    |mul_ln190_93_fu_3634_p2    |     *    |      3|  0|  20|          32|          32|
    |mul_ln190_94_fu_3649_p2    |     *    |      3|  0|  20|          32|          32|
    |mul_ln190_95_fu_3654_p2    |     *    |      3|  0|  20|          32|          32|
    |mul_ln190_9_fu_1913_p2     |     *    |      3|  0|  20|          32|          32|
    |mul_ln190_fu_1786_p2       |     *    |      3|  0|  20|          32|          32|
    |mul_ln191_10_fu_1962_p2    |     *    |      3|  0|  20|          32|          32|
    |mul_ln191_11_fu_1967_p2    |     *    |      3|  0|  20|          32|          32|
    |mul_ln191_12_fu_1982_p2    |     *    |      3|  0|  20|          32|          32|
    |mul_ln191_13_fu_1987_p2    |     *    |      3|  0|  20|          32|          32|
    |mul_ln191_14_fu_2002_p2    |     *    |      3|  0|  20|          32|          32|
    |mul_ln191_15_fu_2007_p2    |     *    |      3|  0|  20|          32|          32|
    |mul_ln191_16_fu_2757_p2    |     *    |      3|  0|  20|          32|          32|
    |mul_ln191_17_fu_2762_p2    |     *    |      3|  0|  20|          32|          32|
    |mul_ln191_18_fu_2789_p2    |     *    |      3|  0|  20|          32|          32|
    |mul_ln191_19_fu_2794_p2    |     *    |      3|  0|  20|          32|          32|
    |mul_ln191_1_fu_1807_p2     |     *    |      3|  0|  20|          32|          32|
    |mul_ln191_20_fu_2821_p2    |     *    |      3|  0|  20|          32|          32|
    |mul_ln191_21_fu_2826_p2    |     *    |      3|  0|  20|          32|          32|
    |mul_ln191_22_fu_2853_p2    |     *    |      3|  0|  20|          32|          32|
    |mul_ln191_23_fu_2858_p2    |     *    |      3|  0|  20|          32|          32|
    |mul_ln191_24_fu_2885_p2    |     *    |      3|  0|  20|          32|          32|
    |mul_ln191_25_fu_2890_p2    |     *    |      3|  0|  20|          32|          32|
    |mul_ln191_26_fu_2917_p2    |     *    |      3|  0|  20|          32|          32|
    |mul_ln191_27_fu_2922_p2    |     *    |      3|  0|  20|          32|          32|
    |mul_ln191_28_fu_2937_p2    |     *    |      3|  0|  20|          32|          32|
    |mul_ln191_29_fu_2942_p2    |     *    |      3|  0|  20|          32|          32|
    |mul_ln191_2_fu_1834_p2     |     *    |      3|  0|  20|          32|          32|
    |mul_ln191_30_fu_2957_p2    |     *    |      3|  0|  20|          32|          32|
    |mul_ln191_31_fu_2962_p2    |     *    |      3|  0|  20|          32|          32|
    |mul_ln191_32_fu_2112_p2    |     *    |      3|  0|  20|          32|          32|
    |mul_ln191_33_fu_2117_p2    |     *    |      3|  0|  20|          32|          32|
    |mul_ln191_34_fu_2144_p2    |     *    |      3|  0|  20|          32|          32|
    |mul_ln191_35_fu_2149_p2    |     *    |      3|  0|  20|          32|          32|
    |mul_ln191_36_fu_2176_p2    |     *    |      3|  0|  20|          32|          32|
    |mul_ln191_37_fu_2181_p2    |     *    |      3|  0|  20|          32|          32|
    |mul_ln191_38_fu_2208_p2    |     *    |      3|  0|  20|          32|          32|
    |mul_ln191_39_fu_2213_p2    |     *    |      3|  0|  20|          32|          32|
    |mul_ln191_3_fu_1839_p2     |     *    |      3|  0|  20|          32|          32|
    |mul_ln191_40_fu_2240_p2    |     *    |      3|  0|  20|          32|          32|
    |mul_ln191_41_fu_2245_p2    |     *    |      3|  0|  20|          32|          32|
    |mul_ln191_42_fu_2272_p2    |     *    |      3|  0|  20|          32|          32|
    |mul_ln191_43_fu_2277_p2    |     *    |      3|  0|  20|          32|          32|
    |mul_ln191_44_fu_2292_p2    |     *    |      3|  0|  20|          32|          32|
    |mul_ln191_45_fu_2297_p2    |     *    |      3|  0|  20|          32|          32|
    |mul_ln191_46_fu_2312_p2    |     *    |      3|  0|  20|          32|          32|
    |mul_ln191_47_fu_2317_p2    |     *    |      3|  0|  20|          32|          32|
    |mul_ln191_48_fu_3108_p2    |     *    |      3|  0|  20|          32|          32|
    |mul_ln191_49_fu_3113_p2    |     *    |      3|  0|  20|          32|          32|
    |mul_ln191_4_fu_1866_p2     |     *    |      3|  0|  20|          32|          32|
    |mul_ln191_50_fu_3140_p2    |     *    |      3|  0|  20|          32|          32|
    |mul_ln191_51_fu_3145_p2    |     *    |      3|  0|  20|          32|          32|
    |mul_ln191_52_fu_3172_p2    |     *    |      3|  0|  20|          32|          32|
    |mul_ln191_53_fu_3177_p2    |     *    |      3|  0|  20|          32|          32|
    |mul_ln191_54_fu_3204_p2    |     *    |      3|  0|  20|          32|          32|
    |mul_ln191_55_fu_3209_p2    |     *    |      3|  0|  20|          32|          32|
    |mul_ln191_56_fu_3236_p2    |     *    |      3|  0|  20|          32|          32|
    |mul_ln191_57_fu_3241_p2    |     *    |      3|  0|  20|          32|          32|
    |mul_ln191_58_fu_3268_p2    |     *    |      3|  0|  20|          32|          32|
    |mul_ln191_59_fu_3273_p2    |     *    |      3|  0|  20|          32|          32|
    |mul_ln191_5_fu_1871_p2     |     *    |      3|  0|  20|          32|          32|
    |mul_ln191_60_fu_3288_p2    |     *    |      3|  0|  20|          32|          32|
    |mul_ln191_61_fu_3293_p2    |     *    |      3|  0|  20|          32|          32|
    |mul_ln191_62_fu_3308_p2    |     *    |      3|  0|  20|          32|          32|
    |mul_ln191_63_fu_3313_p2    |     *    |      3|  0|  20|          32|          32|
    |mul_ln191_64_fu_2422_p2    |     *    |      3|  0|  20|          32|          32|
    |mul_ln191_65_fu_2427_p2    |     *    |      3|  0|  20|          32|          32|
    |mul_ln191_66_fu_2454_p2    |     *    |      3|  0|  20|          32|          32|
    |mul_ln191_67_fu_2459_p2    |     *    |      3|  0|  20|          32|          32|
    |mul_ln191_68_fu_2486_p2    |     *    |      3|  0|  20|          32|          32|
    |mul_ln191_69_fu_2491_p2    |     *    |      3|  0|  20|          32|          32|
    |mul_ln191_6_fu_1898_p2     |     *    |      3|  0|  20|          32|          32|
    |mul_ln191_70_fu_2518_p2    |     *    |      3|  0|  20|          32|          32|
    |mul_ln191_71_fu_2523_p2    |     *    |      3|  0|  20|          32|          32|
    |mul_ln191_72_fu_2550_p2    |     *    |      3|  0|  20|          32|          32|
    |mul_ln191_73_fu_2555_p2    |     *    |      3|  0|  20|          32|          32|
    |mul_ln191_74_fu_2582_p2    |     *    |      3|  0|  20|          32|          32|
    |mul_ln191_75_fu_2587_p2    |     *    |      3|  0|  20|          32|          32|
    |mul_ln191_76_fu_2602_p2    |     *    |      3|  0|  20|          32|          32|
    |mul_ln191_77_fu_2607_p2    |     *    |      3|  0|  20|          32|          32|
    |mul_ln191_78_fu_2622_p2    |     *    |      3|  0|  20|          32|          32|
    |mul_ln191_79_fu_2627_p2    |     *    |      3|  0|  20|          32|          32|
    |mul_ln191_7_fu_1903_p2     |     *    |      3|  0|  20|          32|          32|
    |mul_ln191_80_fu_3459_p2    |     *    |      3|  0|  20|          32|          32|
    |mul_ln191_81_fu_3464_p2    |     *    |      3|  0|  20|          32|          32|
    |mul_ln191_82_fu_3491_p2    |     *    |      3|  0|  20|          32|          32|
    |mul_ln191_83_fu_3496_p2    |     *    |      3|  0|  20|          32|          32|
    |mul_ln191_84_fu_3523_p2    |     *    |      3|  0|  20|          32|          32|
    |mul_ln191_85_fu_3528_p2    |     *    |      3|  0|  20|          32|          32|
    |mul_ln191_86_fu_3555_p2    |     *    |      3|  0|  20|          32|          32|
    |mul_ln191_87_fu_3560_p2    |     *    |      3|  0|  20|          32|          32|
    |mul_ln191_88_fu_3587_p2    |     *    |      3|  0|  20|          32|          32|
    |mul_ln191_89_fu_3592_p2    |     *    |      3|  0|  20|          32|          32|
    |mul_ln191_8_fu_1930_p2     |     *    |      3|  0|  20|          32|          32|
    |mul_ln191_90_fu_3619_p2    |     *    |      3|  0|  20|          32|          32|
    |mul_ln191_91_fu_3624_p2    |     *    |      3|  0|  20|          32|          32|
    |mul_ln191_92_fu_3639_p2    |     *    |      3|  0|  20|          32|          32|
    |mul_ln191_93_fu_3644_p2    |     *    |      3|  0|  20|          32|          32|
    |mul_ln191_94_fu_3659_p2    |     *    |      3|  0|  20|          32|          32|
    |mul_ln191_95_fu_3664_p2    |     *    |      3|  0|  20|          32|          32|
    |mul_ln191_9_fu_1935_p2     |     *    |      3|  0|  20|          32|          32|
    |mul_ln191_fu_1802_p2       |     *    |      3|  0|  20|          32|          32|
    |add_ln129_1_fu_1387_p2     |     +    |      0|  0|  32|           1|          32|
    |add_ln129_2_fu_1480_p2     |     +    |      0|  0|  32|           1|          32|
    |add_ln129_3_fu_1573_p2     |     +    |      0|  0|  16|          16|           3|
    |add_ln129_4_fu_1579_p2     |     +    |      0|  0|  32|          32|           1|
    |add_ln129_fu_1294_p2       |     +    |      0|  0|  32|           1|          32|
    |add_ln136_1_fu_1305_p2     |     +    |      0|  0|  32|           1|          32|
    |add_ln136_2_fu_1398_p2     |     +    |      0|  0|  32|           1|          32|
    |add_ln136_3_fu_1491_p2     |     +    |      0|  0|  32|           1|          32|
    |add_ln136_fu_1220_p2       |     +    |      0|  0|  32|           1|          32|
    |add_ln138_1_fu_1360_p2     |     +    |      0|  0|  15|          15|          15|
    |add_ln138_2_fu_1453_p2     |     +    |      0|  0|  15|          15|          15|
    |add_ln138_3_fu_1546_p2     |     +    |      0|  0|  15|          15|          15|
    |add_ln138_fu_1272_p2       |     +    |      0|  0|  15|          15|          15|
    |add_ln190_10_fu_2841_p2    |     +    |      0|  0|  18|          32|          32|
    |add_ln190_11_fu_2873_p2    |     +    |      0|  0|  18|          32|          32|
    |add_ln190_12_fu_2905_p2    |     +    |      0|  0|  18|          32|          32|
    |add_ln190_13_fu_3785_p2    |     +    |      0|  0|  18|          32|          32|
    |add_ln190_14_fu_3794_p2    |     +    |      0|  0|  18|          32|          32|
    |add_ln190_15_fu_2132_p2    |     +    |      0|  0|  18|          32|          32|
    |add_ln190_16_fu_2164_p2    |     +    |      0|  0|  18|          32|          32|
    |add_ln190_17_fu_2196_p2    |     +    |      0|  0|  18|          32|          32|
    |add_ln190_18_fu_2228_p2    |     +    |      0|  0|  18|          32|          32|
    |add_ln190_19_fu_2260_p2    |     +    |      0|  0|  18|          32|          32|
    |add_ln190_1_fu_1854_p2     |     +    |      0|  0|  18|          32|          32|
    |add_ln190_20_fu_3067_p2    |     +    |      0|  0|  18|          32|          32|
    |add_ln190_21_fu_3076_p2    |     +    |      0|  0|  18|          32|          32|
    |add_ln190_22_fu_3096_p2    |     +    |      0|  0|  18|          32|          32|
    |add_ln190_23_fu_3128_p2    |     +    |      0|  0|  18|          32|          32|
    |add_ln190_24_fu_3160_p2    |     +    |      0|  0|  18|          32|          32|
    |add_ln190_25_fu_3192_p2    |     +    |      0|  0|  18|          32|          32|
    |add_ln190_26_fu_3224_p2    |     +    |      0|  0|  18|          32|          32|
    |add_ln190_27_fu_3256_p2    |     +    |      0|  0|  18|          32|          32|
    |add_ln190_28_fu_3805_p2    |     +    |      0|  0|  18|          32|          32|
    |add_ln190_29_fu_3814_p2    |     +    |      0|  0|  18|          32|          32|
    |add_ln190_2_fu_1886_p2     |     +    |      0|  0|  18|          32|          32|
    |add_ln190_30_fu_2442_p2    |     +    |      0|  0|  18|          32|          32|
    |add_ln190_31_fu_2474_p2    |     +    |      0|  0|  18|          32|          32|
    |add_ln190_32_fu_2506_p2    |     +    |      0|  0|  18|          32|          32|
    |add_ln190_33_fu_2538_p2    |     +    |      0|  0|  18|          32|          32|
    |add_ln190_34_fu_2570_p2    |     +    |      0|  0|  18|          32|          32|
    |add_ln190_35_fu_3418_p2    |     +    |      0|  0|  18|          32|          32|
    |add_ln190_36_fu_3427_p2    |     +    |      0|  0|  18|          32|          32|
    |add_ln190_37_fu_3447_p2    |     +    |      0|  0|  18|          32|          32|
    |add_ln190_38_fu_3479_p2    |     +    |      0|  0|  18|          32|          32|
    |add_ln190_39_fu_3511_p2    |     +    |      0|  0|  18|          32|          32|
    |add_ln190_3_fu_1918_p2     |     +    |      0|  0|  18|          32|          32|
    |add_ln190_40_fu_3543_p2    |     +    |      0|  0|  18|          32|          32|
    |add_ln190_41_fu_3575_p2    |     +    |      0|  0|  18|          32|          32|
    |add_ln190_42_fu_3607_p2    |     +    |      0|  0|  18|          32|          32|
    |add_ln190_43_fu_3825_p2    |     +    |      0|  0|  18|          32|          32|
    |add_ln190_44_fu_3834_p2    |     +    |      0|  0|  18|          32|          32|
    |add_ln190_4_fu_1950_p2     |     +    |      0|  0|  18|          32|          32|
    |add_ln190_5_fu_2716_p2     |     +    |      0|  0|  18|          32|          32|
    |add_ln190_6_fu_2725_p2     |     +    |      0|  0|  18|          32|          32|
    |add_ln190_7_fu_2745_p2     |     +    |      0|  0|  18|          32|          32|
    |add_ln190_8_fu_2777_p2     |     +    |      0|  0|  18|          32|          32|
    |add_ln190_9_fu_2809_p2     |     +    |      0|  0|  18|          32|          32|
    |add_ln190_fu_1822_p2       |     +    |      0|  0|  18|          32|          32|
    |add_ln191_10_fu_2072_p2    |     +    |      0|  0|  18|          32|          32|
    |add_ln191_11_fu_2078_p2    |     +    |      0|  0|  32|          32|          32|
    |add_ln191_12_fu_2084_p2    |     +    |      0|  0|  18|          32|          32|
    |add_ln191_13_fu_2090_p2    |     +    |      0|  0|  18|          32|          32|
    |add_ln191_14_fu_2967_p2    |     +    |      0|  0|  18|          32|          32|
    |add_ln191_15_fu_2971_p2    |     +    |      0|  0|  18|          32|          32|
    |add_ln191_16_fu_2977_p2    |     +    |      0|  0|  32|          32|          32|
    |add_ln191_17_fu_2983_p2    |     +    |      0|  0|  18|          32|          32|
    |add_ln191_18_fu_2989_p2    |     +    |      0|  0|  18|          32|          32|
    |add_ln191_19_fu_2995_p2    |     +    |      0|  0|  32|          32|          32|
    |add_ln191_1_fu_2018_p2     |     +    |      0|  0|  32|          32|          32|
    |add_ln191_20_fu_3001_p2    |     +    |      0|  0|  18|          32|          32|
    |add_ln191_21_fu_3007_p2    |     +    |      0|  0|  18|          32|          32|
    |add_ln191_22_fu_3013_p2    |     +    |      0|  0|  32|          32|          32|
    |add_ln191_23_fu_3019_p2    |     +    |      0|  0|  32|          32|          32|
    |add_ln191_24_fu_3025_p2    |     +    |      0|  0|  18|          32|          32|
    |add_ln191_25_fu_3031_p2    |     +    |      0|  0|  18|          32|          32|
    |add_ln191_26_fu_3037_p2    |     +    |      0|  0|  32|          32|          32|
    |add_ln191_27_fu_3043_p2    |     +    |      0|  0|  18|          32|          32|
    |add_ln191_28_fu_3049_p2    |     +    |      0|  0|  18|          32|          32|
    |add_ln191_29_fu_3055_p2    |     +    |      0|  0|  18|          32|          32|
    |add_ln191_2_fu_2024_p2     |     +    |      0|  0|  18|          32|          32|
    |add_ln191_30_fu_3061_p2    |     +    |      0|  0|  18|          32|          32|
    |add_ln191_31_fu_2322_p2    |     +    |      0|  0|  32|          32|          32|
    |add_ln191_32_fu_2328_p2    |     +    |      0|  0|  32|          32|          32|
    |add_ln191_33_fu_2334_p2    |     +    |      0|  0|  18|          32|          32|
    |add_ln191_34_fu_2340_p2    |     +    |      0|  0|  18|          32|          32|
    |add_ln191_35_fu_2346_p2    |     +    |      0|  0|  32|          32|          32|
    |add_ln191_36_fu_2352_p2    |     +    |      0|  0|  18|          32|          32|
    |add_ln191_37_fu_2358_p2    |     +    |      0|  0|  18|          32|          32|
    |add_ln191_38_fu_2364_p2    |     +    |      0|  0|  32|          32|          32|
    |add_ln191_39_fu_2370_p2    |     +    |      0|  0|  32|          32|          32|
    |add_ln191_3_fu_2030_p2     |     +    |      0|  0|  18|          32|          32|
    |add_ln191_40_fu_2376_p2    |     +    |      0|  0|  18|          32|          32|
    |add_ln191_41_fu_2382_p2    |     +    |      0|  0|  18|          32|          32|
    |add_ln191_42_fu_2388_p2    |     +    |      0|  0|  32|          32|          32|
    |add_ln191_43_fu_2394_p2    |     +    |      0|  0|  18|          32|          32|
    |add_ln191_44_fu_2400_p2    |     +    |      0|  0|  18|          32|          32|
    |add_ln191_45_fu_3318_p2    |     +    |      0|  0|  18|          32|          32|
    |add_ln191_46_fu_3322_p2    |     +    |      0|  0|  18|          32|          32|
    |add_ln191_47_fu_3328_p2    |     +    |      0|  0|  32|          32|          32|
    |add_ln191_48_fu_3334_p2    |     +    |      0|  0|  18|          32|          32|
    |add_ln191_49_fu_3340_p2    |     +    |      0|  0|  18|          32|          32|
    |add_ln191_4_fu_2036_p2     |     +    |      0|  0|  32|          32|          32|
    |add_ln191_50_fu_3346_p2    |     +    |      0|  0|  32|          32|          32|
    |add_ln191_51_fu_3352_p2    |     +    |      0|  0|  18|          32|          32|
    |add_ln191_52_fu_3358_p2    |     +    |      0|  0|  18|          32|          32|
    |add_ln191_53_fu_3364_p2    |     +    |      0|  0|  32|          32|          32|
    |add_ln191_54_fu_3370_p2    |     +    |      0|  0|  32|          32|          32|
    |add_ln191_55_fu_3376_p2    |     +    |      0|  0|  18|          32|          32|
    |add_ln191_56_fu_3382_p2    |     +    |      0|  0|  18|          32|          32|
    |add_ln191_57_fu_3388_p2    |     +    |      0|  0|  32|          32|          32|
    |add_ln191_58_fu_3394_p2    |     +    |      0|  0|  18|          32|          32|
    |add_ln191_59_fu_3400_p2    |     +    |      0|  0|  18|          32|          32|
    |add_ln191_5_fu_2042_p2     |     +    |      0|  0|  18|          32|          32|
    |add_ln191_60_fu_3406_p2    |     +    |      0|  0|  18|          32|          32|
    |add_ln191_61_fu_3412_p2    |     +    |      0|  0|  18|          32|          32|
    |add_ln191_62_fu_2632_p2    |     +    |      0|  0|  32|          32|          32|
    |add_ln191_63_fu_2638_p2    |     +    |      0|  0|  32|          32|          32|
    |add_ln191_64_fu_2644_p2    |     +    |      0|  0|  18|          32|          32|
    |add_ln191_65_fu_2650_p2    |     +    |      0|  0|  18|          32|          32|
    |add_ln191_66_fu_2656_p2    |     +    |      0|  0|  32|          32|          32|
    |add_ln191_67_fu_2662_p2    |     +    |      0|  0|  18|          32|          32|
    |add_ln191_68_fu_2668_p2    |     +    |      0|  0|  18|          32|          32|
    |add_ln191_69_fu_2674_p2    |     +    |      0|  0|  32|          32|          32|
    |add_ln191_6_fu_2048_p2     |     +    |      0|  0|  18|          32|          32|
    |add_ln191_70_fu_2680_p2    |     +    |      0|  0|  32|          32|          32|
    |add_ln191_71_fu_2686_p2    |     +    |      0|  0|  18|          32|          32|
    |add_ln191_72_fu_2692_p2    |     +    |      0|  0|  18|          32|          32|
    |add_ln191_73_fu_2698_p2    |     +    |      0|  0|  32|          32|          32|
    |add_ln191_74_fu_2704_p2    |     +    |      0|  0|  18|          32|          32|
    |add_ln191_75_fu_2710_p2    |     +    |      0|  0|  18|          32|          32|
    |add_ln191_76_fu_3669_p2    |     +    |      0|  0|  18|          32|          32|
    |add_ln191_77_fu_3673_p2    |     +    |      0|  0|  18|          32|          32|
    |add_ln191_78_fu_3679_p2    |     +    |      0|  0|  32|          32|          32|
    |add_ln191_79_fu_3685_p2    |     +    |      0|  0|  18|          32|          32|
    |add_ln191_7_fu_2054_p2     |     +    |      0|  0|  32|          32|          32|
    |add_ln191_80_fu_3691_p2    |     +    |      0|  0|  18|          32|          32|
    |add_ln191_81_fu_3697_p2    |     +    |      0|  0|  32|          32|          32|
    |add_ln191_82_fu_3703_p2    |     +    |      0|  0|  18|          32|          32|
    |add_ln191_83_fu_3709_p2    |     +    |      0|  0|  18|          32|          32|
    |add_ln191_84_fu_3715_p2    |     +    |      0|  0|  32|          32|          32|
    |add_ln191_85_fu_3721_p2    |     +    |      0|  0|  32|          32|          32|
    |add_ln191_86_fu_3727_p2    |     +    |      0|  0|  18|          32|          32|
    |add_ln191_87_fu_3733_p2    |     +    |      0|  0|  18|          32|          32|
    |add_ln191_88_fu_3739_p2    |     +    |      0|  0|  32|          32|          32|
    |add_ln191_89_fu_3745_p2    |     +    |      0|  0|  18|          32|          32|
    |add_ln191_8_fu_2060_p2     |     +    |      0|  0|  32|          32|          32|
    |add_ln191_90_fu_3751_p2    |     +    |      0|  0|  18|          32|          32|
    |add_ln191_91_fu_3757_p2    |     +    |      0|  0|  18|          32|          32|
    |add_ln191_92_fu_3763_p2    |     +    |      0|  0|  18|          32|          32|
    |add_ln191_9_fu_2066_p2     |     +    |      0|  0|  18|          32|          32|
    |add_ln191_fu_2012_p2       |     +    |      0|  0|  32|          32|          32|
    |add_ln193_1_fu_3844_p2     |     +    |      0|  0|  14|          14|           2|
    |add_ln193_fu_3774_p2       |     +    |      0|  0|  14|          14|           1|
    |add_ln200_1_fu_3999_p2     |     +    |      0|  0|  32|           1|          32|
    |add_ln200_2_fu_4065_p2     |     +    |      0|  0|  32|           1|          32|
    |add_ln200_3_fu_4131_p2     |     +    |      0|  0|  13|           3|          13|
    |add_ln200_4_fu_4137_p2     |     +    |      0|  0|  32|           1|          32|
    |add_ln200_fu_3927_p2       |     +    |      0|  0|  32|           1|          32|
    |add_ln206_1_fu_3939_p2     |     +    |      0|  0|  32|           1|          32|
    |add_ln206_2_fu_4011_p2     |     +    |      0|  0|  32|           1|          32|
    |add_ln206_3_fu_4077_p2     |     +    |      0|  0|  32|           1|          32|
    |add_ln206_fu_3867_p2       |     +    |      0|  0|  32|           1|          32|
    |add_ln208_1_fu_3987_p2     |     +    |      0|  0|  18|          14|          14|
    |add_ln208_2_fu_4059_p2     |     +    |      0|  0|  18|          14|          14|
    |add_ln208_3_fu_4125_p2     |     +    |      0|  0|  18|          14|          14|
    |add_ln208_fu_3915_p2       |     +    |      0|  0|  18|          14|          14|
    |i_fu_1686_p2               |     +    |      0|  0|  12|          12|           1|
    |Bi_d1                      |     -    |      0|  0|  18|          32|          32|
    |sub_ln190_10_fu_2815_p2    |     -    |      0|  0|  18|          32|          32|
    |sub_ln190_11_fu_2847_p2    |     -    |      0|  0|  18|          32|          32|
    |sub_ln190_12_fu_2879_p2    |     -    |      0|  0|  18|          32|          32|
    |sub_ln190_13_fu_2911_p2    |     -    |      0|  0|  18|          32|          32|
    |sub_ln190_14_fu_3789_p2    |     -    |      0|  0|  18|          32|          32|
    |sub_ln190_15_fu_3799_p2    |     -    |      0|  0|  18|          32|          32|
    |sub_ln190_16_fu_2106_p2    |     -    |      0|  0|  32|          32|          32|
    |sub_ln190_17_fu_2138_p2    |     -    |      0|  0|  18|          32|          32|
    |sub_ln190_18_fu_2170_p2    |     -    |      0|  0|  18|          32|          32|
    |sub_ln190_19_fu_2202_p2    |     -    |      0|  0|  18|          32|          32|
    |sub_ln190_1_fu_1828_p2     |     -    |      0|  0|  18|          32|          32|
    |sub_ln190_20_fu_2234_p2    |     -    |      0|  0|  18|          32|          32|
    |sub_ln190_21_fu_2266_p2    |     -    |      0|  0|  18|          32|          32|
    |sub_ln190_22_fu_3071_p2    |     -    |      0|  0|  18|          32|          32|
    |sub_ln190_23_fu_3081_p2    |     -    |      0|  0|  18|          32|          32|
    |sub_ln190_24_fu_3102_p2    |     -    |      0|  0|  18|          32|          32|
    |sub_ln190_25_fu_3134_p2    |     -    |      0|  0|  18|          32|          32|
    |sub_ln190_26_fu_3166_p2    |     -    |      0|  0|  18|          32|          32|
    |sub_ln190_27_fu_3198_p2    |     -    |      0|  0|  18|          32|          32|
    |sub_ln190_28_fu_3230_p2    |     -    |      0|  0|  18|          32|          32|
    |sub_ln190_29_fu_3262_p2    |     -    |      0|  0|  18|          32|          32|
    |sub_ln190_2_fu_1860_p2     |     -    |      0|  0|  18|          32|          32|
    |sub_ln190_30_fu_3809_p2    |     -    |      0|  0|  18|          32|          32|
    |sub_ln190_32_fu_2416_p2    |     -    |      0|  0|  32|          32|          32|
    |sub_ln190_33_fu_2448_p2    |     -    |      0|  0|  18|          32|          32|
    |sub_ln190_34_fu_2480_p2    |     -    |      0|  0|  18|          32|          32|
    |sub_ln190_35_fu_2512_p2    |     -    |      0|  0|  18|          32|          32|
    |sub_ln190_36_fu_2544_p2    |     -    |      0|  0|  18|          32|          32|
    |sub_ln190_37_fu_2576_p2    |     -    |      0|  0|  18|          32|          32|
    |sub_ln190_38_fu_3422_p2    |     -    |      0|  0|  18|          32|          32|
    |sub_ln190_39_fu_3432_p2    |     -    |      0|  0|  18|          32|          32|
    |sub_ln190_3_fu_1892_p2     |     -    |      0|  0|  18|          32|          32|
    |sub_ln190_40_fu_3453_p2    |     -    |      0|  0|  18|          32|          32|
    |sub_ln190_41_fu_3485_p2    |     -    |      0|  0|  18|          32|          32|
    |sub_ln190_42_fu_3517_p2    |     -    |      0|  0|  18|          32|          32|
    |sub_ln190_43_fu_3549_p2    |     -    |      0|  0|  18|          32|          32|
    |sub_ln190_44_fu_3581_p2    |     -    |      0|  0|  18|          32|          32|
    |sub_ln190_45_fu_3613_p2    |     -    |      0|  0|  18|          32|          32|
    |sub_ln190_46_fu_3829_p2    |     -    |      0|  0|  18|          32|          32|
    |sub_ln190_47_fu_3839_p2    |     -    |      0|  0|  18|          32|          32|
    |sub_ln190_4_fu_1924_p2     |     -    |      0|  0|  18|          32|          32|
    |sub_ln190_5_fu_1956_p2     |     -    |      0|  0|  18|          32|          32|
    |sub_ln190_6_fu_2720_p2     |     -    |      0|  0|  18|          32|          32|
    |sub_ln190_7_fu_2730_p2     |     -    |      0|  0|  18|          32|          32|
    |sub_ln190_8_fu_2751_p2     |     -    |      0|  0|  18|          32|          32|
    |sub_ln190_9_fu_2783_p2     |     -    |      0|  0|  18|          32|          32|
    |sub_ln190_fu_1796_p2       |     -    |      0|  0|  32|          32|          32|
    |sub_ln193_fu_1738_p2       |     -    |      0|  0|  14|          14|          14|
    |sub_ln208_1_fu_3981_p2     |     -    |      0|  0|  18|          14|          14|
    |sub_ln208_2_fu_4053_p2     |     -    |      0|  0|  18|          14|          14|
    |sub_ln208_3_fu_4119_p2     |     -    |      0|  0|  18|          14|          14|
    |sub_ln208_fu_3909_p2       |     -    |      0|  0|  18|          14|          14|
    |icmp_ln129_fu_1208_p2      |   icmp   |      0|  0|  13|          16|          16|
    |icmp_ln134_1_fu_1299_p2    |   icmp   |      0|  0|  20|          32|           5|
    |icmp_ln134_2_fu_1392_p2    |   icmp   |      0|  0|  20|          32|           5|
    |icmp_ln134_3_fu_1485_p2    |   icmp   |      0|  0|  20|          32|           5|
    |icmp_ln134_fu_1214_p2      |   icmp   |      0|  0|  20|          32|           5|
    |icmp_ln162_fu_1680_p2      |   icmp   |      0|  0|  13|          12|          12|
    |icmp_ln200_fu_3855_p2      |   icmp   |      0|  0|  13|          13|          11|
    |icmp_ln204_1_fu_3933_p2    |   icmp   |      0|  0|  20|          32|           2|
    |icmp_ln204_2_fu_4005_p2    |   icmp   |      0|  0|  20|          32|           2|
    |icmp_ln204_3_fu_4071_p2    |   icmp   |      0|  0|  20|          32|           2|
    |icmp_ln204_fu_3861_p2      |   icmp   |      0|  0|  20|          32|           2|
    |ap_block_state20           |    or    |      0|  0|   2|           1|           1|
    |ap_block_state2_io         |    or    |      0|  0|   2|           1|           1|
    |ap_block_state37_io        |    or    |      0|  0|   2|           1|           1|
    |ap_block_state41_io        |    or    |      0|  0|   2|           1|           1|
    |ap_block_state45           |    or    |      0|  0|   2|           1|           1|
    |ap_block_state9            |    or    |      0|  0|   2|           1|           1|
    |ap_block_state9_io         |    or    |      0|  0|   2|           1|           1|
    |or_ln190_1_fu_1744_p2      |    or    |      0|  0|  14|          14|           2|
    |or_ln190_2_fu_1765_p2      |    or    |      0|  0|  14|          14|           2|
    |or_ln190_fu_1716_p2        |    or    |      0|  0|  14|          14|           1|
    |select_ln134_1_fu_1234_p3  |  select  |      0|  0|  32|           1|           1|
    |select_ln134_2_fu_1403_p3  |  select  |      0|  0|  32|           1|          32|
    |select_ln134_3_fu_1496_p3  |  select  |      0|  0|  32|           1|          32|
    |select_ln134_4_fu_1310_p3  |  select  |      0|  0|  32|           1|          32|
    |select_ln134_5_fu_1317_p3  |  select  |      0|  0|  32|           1|           1|
    |select_ln134_6_fu_1410_p3  |  select  |      0|  0|  32|           1|           1|
    |select_ln134_7_fu_1503_p3  |  select  |      0|  0|  32|           1|           1|
    |select_ln134_fu_1226_p3    |  select  |      0|  0|  32|           1|          32|
    |select_ln204_1_fu_3881_p3  |  select  |      0|  0|  32|           1|           1|
    |select_ln204_2_fu_4017_p3  |  select  |      0|  0|  32|           1|          32|
    |select_ln204_3_fu_4083_p3  |  select  |      0|  0|  32|           1|          32|
    |select_ln204_4_fu_3945_p3  |  select  |      0|  0|  32|           1|          32|
    |select_ln204_5_fu_3953_p3  |  select  |      0|  0|  32|           1|           1|
    |select_ln204_6_fu_4025_p3  |  select  |      0|  0|  32|           1|           1|
    |select_ln204_7_fu_4091_p3  |  select  |      0|  0|  32|           1|           1|
    |select_ln204_fu_3873_p3    |  select  |      0|  0|  32|           1|          32|
    |ap_enable_pp0              |    xor   |      0|  0|   2|           1|           2|
    +---------------------------+----------+-------+---+----+------------+------------+
    |Total                      |          |    576|  0|9260|       12751|       13128|
    +---------------------------+----------+-------+---+----+------------+------------+

    * Multiplexer: 
    +------------------------------+-----+-----------+-----+-----------+
    |             Name             | LUT | Input Size| Bits| Total Bits|
    +------------------------------+-----+-----------+-----+-----------+
    |Bi_address0                   |   27|          5|   13|         65|
    |Bi_address1                   |   21|          4|   13|         52|
    |Bi_d0                         |   15|          3|   32|         96|
    |Bq_address0                   |   27|          5|   13|         65|
    |Bq_address1                   |   21|          4|   13|         52|
    |Bq_d0                         |   15|          3|   32|         96|
    |RXi_0_address0                |   38|          7|   14|         98|
    |RXi_0_address1                |   15|          3|   14|         42|
    |RXi_0_d0                      |   27|          5|   32|        160|
    |RXi_1_address0                |   38|          7|   14|         98|
    |RXi_1_address1                |   15|          3|   14|         42|
    |RXi_1_d0                      |   27|          5|   32|        160|
    |RXi_2_address0                |   38|          7|   14|         98|
    |RXi_2_address1                |   15|          3|   14|         42|
    |RXi_2_d0                      |   27|          5|   32|        160|
    |RXi_3_address0                |   38|          7|   14|         98|
    |RXi_3_address1                |   15|          3|   14|         42|
    |RXi_3_d0                      |   27|          5|   32|        160|
    |RXq_0_address0                |   38|          7|   14|         98|
    |RXq_0_address1                |   15|          3|   14|         42|
    |RXq_0_d0                      |   27|          5|   32|        160|
    |RXq_1_address0                |   38|          7|   14|         98|
    |RXq_1_address1                |   15|          3|   14|         42|
    |RXq_1_d0                      |   27|          5|   32|        160|
    |RXq_2_address0                |   38|          7|   14|         98|
    |RXq_2_address1                |   15|          3|   14|         42|
    |RXq_2_d0                      |   27|          5|   32|        160|
    |RXq_3_address0                |   38|          7|   14|         98|
    |RXq_3_address1                |   15|          3|   14|         42|
    |RXq_3_d0                      |   27|          5|   32|        160|
    |ap_NS_fsm                     |  189|         43|    1|         43|
    |ap_enable_reg_pp0_iter2       |    9|          2|    1|          2|
    |ap_phi_mux_i_4_phi_fu_992_p4  |    9|          2|   12|         24|
    |gmemi_ARADDR                  |   15|          3|   32|         96|
    |gmemi_ARLEN                   |   15|          3|   32|         96|
    |gmemi_blk_n_AR                |    9|          2|    1|          2|
    |gmemi_blk_n_AW                |    9|          2|    1|          2|
    |gmemi_blk_n_B                 |    9|          2|    1|          2|
    |gmemi_blk_n_R                 |    9|          2|    1|          2|
    |gmemi_blk_n_W                 |    9|          2|    1|          2|
    |gmemq_ARADDR                  |   15|          3|   32|         96|
    |gmemq_ARLEN                   |   15|          3|   32|         96|
    |gmemq_blk_n_AR                |    9|          2|    1|          2|
    |gmemq_blk_n_AW                |    9|          2|    1|          2|
    |gmemq_blk_n_B                 |    9|          2|    1|          2|
    |gmemq_blk_n_R                 |    9|          2|    1|          2|
    |gmemq_blk_n_W                 |    9|          2|    1|          2|
    |i_0_0_reg_966                 |    9|          2|   32|         64|
    |i_4_reg_988                   |    9|          2|   12|         24|
    |i_5_0_reg_1010                |    9|          2|   32|         64|
    |itr_0_0_reg_954               |    9|          2|   16|         32|
    |itr_2_0_reg_999               |    9|          2|   13|         26|
    |j_0_0_reg_977                 |    9|          2|   32|         64|
    |j_5_0_reg_1021                |    9|          2|   32|         64|
    +------------------------------+-----+-----------+-----+-----------+
    |Total                         | 1186|        237|  917|       3637|
    +------------------------------+-----+-----------+-----+-----------+

    * Register: 
    +-----------------------------------+-----+----+-----+-----------+
    |                Name               |  FF | LUT| Bits| Const Bits|
    +-----------------------------------+-----+----+-----+-----------+
    |Bi_load_1_reg_5563                 |   32|   0|   32|          0|
    |Bi_load_2_reg_5593                 |   32|   0|   32|          0|
    |Bi_load_3_reg_5603                 |   32|   0|   32|          0|
    |Bi_load_reg_5553                   |   32|   0|   32|          0|
    |Bi_out9_reg_4176                   |   28|   0|   28|          0|
    |Bq_load_1_reg_5568                 |   32|   0|   32|          0|
    |Bq_load_2_reg_5598                 |   32|   0|   32|          0|
    |Bq_load_3_reg_5608                 |   32|   0|   32|          0|
    |Bq_load_reg_5558                   |   32|   0|   32|          0|
    |Bq_out1_reg_4171                   |   28|   0|   28|          0|
    |RXi_0_addr_5_reg_4348              |   14|   0|   14|          0|
    |RXi_0_addr_6_reg_4419              |   14|   0|   14|          0|
    |RXi_0_addr_7_reg_4489              |   14|   0|   14|          0|
    |RXi_0_addr_reg_4270                |   14|   0|   14|          0|
    |RXi_1_addr_5_reg_4353              |   14|   0|   14|          0|
    |RXi_1_addr_6_reg_4424              |   14|   0|   14|          0|
    |RXi_1_addr_7_reg_4494              |   14|   0|   14|          0|
    |RXi_1_addr_reg_4275                |   14|   0|   14|          0|
    |RXi_2_addr_5_reg_4358              |   14|   0|   14|          0|
    |RXi_2_addr_6_reg_4429              |   14|   0|   14|          0|
    |RXi_2_addr_7_reg_4499              |   14|   0|   14|          0|
    |RXi_2_addr_reg_4280                |   14|   0|   14|          0|
    |RXi_3_addr_5_reg_4363              |   14|   0|   14|          0|
    |RXi_3_addr_6_reg_4434              |   14|   0|   14|          0|
    |RXi_3_addr_7_reg_4504              |   14|   0|   14|          0|
    |RXi_3_addr_reg_4285                |   14|   0|   14|          0|
    |RXi_in_reg_4196                    |   28|   0|   28|          0|
    |RXq_0_addr_4_reg_4290              |   14|   0|   14|          0|
    |RXq_0_addr_5_reg_4368              |   14|   0|   14|          0|
    |RXq_0_addr_6_reg_4439              |   14|   0|   14|          0|
    |RXq_0_addr_7_reg_4509              |   14|   0|   14|          0|
    |RXq_1_addr_4_reg_4295              |   14|   0|   14|          0|
    |RXq_1_addr_5_reg_4373              |   14|   0|   14|          0|
    |RXq_1_addr_6_reg_4444              |   14|   0|   14|          0|
    |RXq_1_addr_7_reg_4514              |   14|   0|   14|          0|
    |RXq_2_addr_4_reg_4300              |   14|   0|   14|          0|
    |RXq_2_addr_5_reg_4378              |   14|   0|   14|          0|
    |RXq_2_addr_6_reg_4449              |   14|   0|   14|          0|
    |RXq_2_addr_7_reg_4519              |   14|   0|   14|          0|
    |RXq_3_addr_4_reg_4305              |   14|   0|   14|          0|
    |RXq_3_addr_5_reg_4383              |   14|   0|   14|          0|
    |RXq_3_addr_6_reg_4454              |   14|   0|   14|          0|
    |RXq_3_addr_7_reg_4524              |   14|   0|   14|          0|
    |RXq_in_reg_4191                    |   28|   0|   28|          0|
    |Wi_0_0_0_reg_4547                  |   32|   0|   32|          0|
    |Wi_0_0_1_reg_4595                  |   32|   0|   32|          0|
    |Wi_0_0_2_reg_4643                  |   32|   0|   32|          0|
    |Wi_0_0_3_reg_4691                  |   32|   0|   32|          0|
    |Wi_0_1_0_reg_4739                  |   32|   0|   32|          0|
    |Wi_0_1_1_reg_4787                  |   32|   0|   32|          0|
    |Wi_0_1_2_reg_4835                  |   32|   0|   32|          0|
    |Wi_0_1_3_reg_4883                  |   32|   0|   32|          0|
    |Wi_0_2_0_reg_4931                  |   32|   0|   32|          0|
    |Wi_0_2_1_reg_4979                  |   32|   0|   32|          0|
    |Wi_0_2_2_reg_5027                  |   32|   0|   32|          0|
    |Wi_0_2_3_reg_5075                  |   32|   0|   32|          0|
    |Wi_1_0_0_reg_4559                  |   32|   0|   32|          0|
    |Wi_1_0_1_reg_4607                  |   32|   0|   32|          0|
    |Wi_1_0_2_reg_4655                  |   32|   0|   32|          0|
    |Wi_1_0_3_reg_4703                  |   32|   0|   32|          0|
    |Wi_1_1_0_reg_4751                  |   32|   0|   32|          0|
    |Wi_1_1_1_reg_4799                  |   32|   0|   32|          0|
    |Wi_1_1_2_reg_4847                  |   32|   0|   32|          0|
    |Wi_1_1_3_reg_4895                  |   32|   0|   32|          0|
    |Wi_1_2_0_reg_4943                  |   32|   0|   32|          0|
    |Wi_1_2_1_reg_4991                  |   32|   0|   32|          0|
    |Wi_1_2_2_reg_5039                  |   32|   0|   32|          0|
    |Wi_1_2_3_reg_5087                  |   32|   0|   32|          0|
    |Wi_2_0_0_reg_4571                  |   32|   0|   32|          0|
    |Wi_2_0_1_reg_4619                  |   32|   0|   32|          0|
    |Wi_2_0_2_reg_4667                  |   32|   0|   32|          0|
    |Wi_2_0_3_reg_4715                  |   32|   0|   32|          0|
    |Wi_2_1_0_reg_4763                  |   32|   0|   32|          0|
    |Wi_2_1_1_reg_4811                  |   32|   0|   32|          0|
    |Wi_2_1_2_reg_4859                  |   32|   0|   32|          0|
    |Wi_2_1_3_reg_4907                  |   32|   0|   32|          0|
    |Wi_2_2_0_reg_4955                  |   32|   0|   32|          0|
    |Wi_2_2_1_reg_5003                  |   32|   0|   32|          0|
    |Wi_2_2_2_reg_5051                  |   32|   0|   32|          0|
    |Wi_2_2_3_reg_5099                  |   32|   0|   32|          0|
    |Wi_3_0_0_reg_4583                  |   32|   0|   32|          0|
    |Wi_3_0_1_reg_4631                  |   32|   0|   32|          0|
    |Wi_3_0_2_reg_4679                  |   32|   0|   32|          0|
    |Wi_3_0_3_reg_4727                  |   32|   0|   32|          0|
    |Wi_3_1_0_reg_4775                  |   32|   0|   32|          0|
    |Wi_3_1_1_reg_4823                  |   32|   0|   32|          0|
    |Wi_3_1_2_reg_4871                  |   32|   0|   32|          0|
    |Wi_3_1_3_reg_4919                  |   32|   0|   32|          0|
    |Wi_3_2_0_reg_4967                  |   32|   0|   32|          0|
    |Wi_3_2_1_reg_5015                  |   32|   0|   32|          0|
    |Wi_3_2_2_reg_5063                  |   32|   0|   32|          0|
    |Wi_3_2_3_reg_5111                  |   32|   0|   32|          0|
    |Wi_in_reg_4186                     |   28|   0|   28|          0|
    |Wq_0_0_0_reg_4553                  |   32|   0|   32|          0|
    |Wq_0_0_1_reg_4601                  |   32|   0|   32|          0|
    |Wq_0_0_2_reg_4649                  |   32|   0|   32|          0|
    |Wq_0_0_3_reg_4697                  |   32|   0|   32|          0|
    |Wq_0_1_0_reg_4745                  |   32|   0|   32|          0|
    |Wq_0_1_1_reg_4793                  |   32|   0|   32|          0|
    |Wq_0_1_2_reg_4841                  |   32|   0|   32|          0|
    |Wq_0_1_3_reg_4889                  |   32|   0|   32|          0|
    |Wq_0_2_0_reg_4937                  |   32|   0|   32|          0|
    |Wq_0_2_1_reg_4985                  |   32|   0|   32|          0|
    |Wq_0_2_2_reg_5033                  |   32|   0|   32|          0|
    |Wq_0_2_3_reg_5081                  |   32|   0|   32|          0|
    |Wq_1_0_0_reg_4565                  |   32|   0|   32|          0|
    |Wq_1_0_1_reg_4613                  |   32|   0|   32|          0|
    |Wq_1_0_2_reg_4661                  |   32|   0|   32|          0|
    |Wq_1_0_3_reg_4709                  |   32|   0|   32|          0|
    |Wq_1_1_0_reg_4757                  |   32|   0|   32|          0|
    |Wq_1_1_1_reg_4805                  |   32|   0|   32|          0|
    |Wq_1_1_2_reg_4853                  |   32|   0|   32|          0|
    |Wq_1_1_3_reg_4901                  |   32|   0|   32|          0|
    |Wq_1_2_0_reg_4949                  |   32|   0|   32|          0|
    |Wq_1_2_1_reg_4997                  |   32|   0|   32|          0|
    |Wq_1_2_2_reg_5045                  |   32|   0|   32|          0|
    |Wq_1_2_3_reg_5093                  |   32|   0|   32|          0|
    |Wq_2_0_0_reg_4577                  |   32|   0|   32|          0|
    |Wq_2_0_1_reg_4625                  |   32|   0|   32|          0|
    |Wq_2_0_2_reg_4673                  |   32|   0|   32|          0|
    |Wq_2_0_3_reg_4721                  |   32|   0|   32|          0|
    |Wq_2_1_0_reg_4769                  |   32|   0|   32|          0|
    |Wq_2_1_1_reg_4817                  |   32|   0|   32|          0|
    |Wq_2_1_2_reg_4865                  |   32|   0|   32|          0|
    |Wq_2_1_3_reg_4913                  |   32|   0|   32|          0|
    |Wq_2_2_0_reg_4961                  |   32|   0|   32|          0|
    |Wq_2_2_1_reg_5009                  |   32|   0|   32|          0|
    |Wq_2_2_2_reg_5057                  |   32|   0|   32|          0|
    |Wq_2_2_3_reg_5105                  |   32|   0|   32|          0|
    |Wq_3_0_0_reg_4589                  |   32|   0|   32|          0|
    |Wq_3_0_1_reg_4637                  |   32|   0|   32|          0|
    |Wq_3_0_2_reg_4685                  |   32|   0|   32|          0|
    |Wq_3_0_3_reg_4733                  |   32|   0|   32|          0|
    |Wq_3_1_0_reg_4781                  |   32|   0|   32|          0|
    |Wq_3_1_1_reg_4829                  |   32|   0|   32|          0|
    |Wq_3_1_2_reg_4877                  |   32|   0|   32|          0|
    |Wq_3_1_3_reg_4925                  |   32|   0|   32|          0|
    |Wq_3_2_0_reg_4973                  |   32|   0|   32|          0|
    |Wq_3_2_1_reg_5021                  |   32|   0|   32|          0|
    |Wq_3_2_2_reg_5069                  |   32|   0|   32|          0|
    |Wq_3_2_3_reg_5117                  |   32|   0|   32|          0|
    |Wq_in_reg_4181                     |   28|   0|   28|          0|
    |add_ln191_13_reg_5335              |   32|   0|   32|          0|
    |add_ln191_30_reg_5435              |   32|   0|   32|          0|
    |add_ln191_37_reg_5365              |   32|   0|   32|          0|
    |add_ln191_44_reg_5370              |   32|   0|   32|          0|
    |add_ln191_61_reg_5465              |   32|   0|   32|          0|
    |add_ln191_68_reg_5400              |   32|   0|   32|          0|
    |add_ln191_6_reg_5330               |   32|   0|   32|          0|
    |add_ln191_75_reg_5405              |   32|   0|   32|          0|
    |add_ln191_92_reg_5495              |   32|   0|   32|          0|
    |add_ln200_3_reg_5543               |   13|   0|   13|          0|
    |add_ln200_4_reg_5548               |   32|   0|   32|          0|
    |add_ln208_2_reg_5528               |   14|   0|   14|          0|
    |add_ln208_3_reg_5538               |   14|   0|   14|          0|
    |ap_CS_fsm                          |   42|   0|   42|          0|
    |ap_enable_reg_pp0_iter0            |    1|   0|    1|          0|
    |ap_enable_reg_pp0_iter1            |    1|   0|    1|          0|
    |ap_enable_reg_pp0_iter2            |    1|   0|    1|          0|
    |gmemi_addr_1_reg_4231              |   28|   0|   32|          4|
    |gmemi_addr_2_read_reg_4251         |  128|   0|  128|          0|
    |gmemi_addr_reg_4219                |   28|   0|   32|          4|
    |gmemq_addr_1_reg_4225              |   28|   0|   32|          4|
    |gmemq_addr_2_read_reg_4310         |  128|   0|  128|          0|
    |gmemq_addr_reg_4213                |   28|   0|   32|          4|
    |i_0_0_reg_966                      |   32|   0|   32|          0|
    |i_4_reg_988                        |   12|   0|   12|          0|
    |i_5_0_reg_1010                     |   32|   0|   32|          0|
    |i_reg_5127                         |   12|   0|   12|          0|
    |icmp_ln162_reg_5123                |    1|   0|    1|          0|
    |icmp_ln162_reg_5123_pp0_iter1_reg  |    1|   0|    1|          0|
    |itr_0_0_reg_954                    |   16|   0|   16|          0|
    |itr_2_0_reg_999                    |   13|   0|   13|          0|
    |j_0_0_reg_977                      |   32|   0|   32|          0|
    |j_5_0_reg_1021                     |   32|   0|   32|          0|
    |mul_ln190_12_reg_5310              |   32|   0|   32|          0|
    |mul_ln190_13_reg_5315              |   32|   0|   32|          0|
    |mul_ln190_14_reg_5320              |   32|   0|   32|          0|
    |mul_ln190_15_reg_5325              |   32|   0|   32|          0|
    |mul_ln190_28_reg_5415              |   32|   0|   32|          0|
    |mul_ln190_29_reg_5420              |   32|   0|   32|          0|
    |mul_ln190_30_reg_5425              |   32|   0|   32|          0|
    |mul_ln190_31_reg_5430              |   32|   0|   32|          0|
    |mul_ln190_44_reg_5345              |   32|   0|   32|          0|
    |mul_ln190_45_reg_5350              |   32|   0|   32|          0|
    |mul_ln190_46_reg_5355              |   32|   0|   32|          0|
    |mul_ln190_47_reg_5360              |   32|   0|   32|          0|
    |mul_ln190_60_reg_5445              |   32|   0|   32|          0|
    |mul_ln190_61_reg_5450              |   32|   0|   32|          0|
    |mul_ln190_62_reg_5455              |   32|   0|   32|          0|
    |mul_ln190_63_reg_5460              |   32|   0|   32|          0|
    |mul_ln190_76_reg_5380              |   32|   0|   32|          0|
    |mul_ln190_77_reg_5385              |   32|   0|   32|          0|
    |mul_ln190_78_reg_5390              |   32|   0|   32|          0|
    |mul_ln190_79_reg_5395              |   32|   0|   32|          0|
    |mul_ln190_92_reg_5475              |   32|   0|   32|          0|
    |mul_ln190_93_reg_5480              |   32|   0|   32|          0|
    |mul_ln190_94_reg_5485              |   32|   0|   32|          0|
    |mul_ln190_95_reg_5490              |   32|   0|   32|          0|
    |select_ln134_1_reg_4246            |   32|   0|   32|          0|
    |select_ln134_2_reg_4396            |   32|   0|   32|          0|
    |select_ln134_3_reg_4467            |   32|   0|   32|          0|
    |select_ln134_4_reg_4325            |   32|   0|   32|          0|
    |select_ln134_5_reg_4331            |   32|   0|   32|          0|
    |select_ln134_6_reg_4402            |   32|   0|   32|          0|
    |select_ln134_7_reg_4472            |   32|   0|   32|          0|
    |select_ln134_reg_4240              |   32|   0|   32|          0|
    |select_ln204_3_reg_5533            |   32|   0|   32|          0|
    |sub_ln190_13_reg_5410              |   32|   0|   32|          0|
    |sub_ln190_21_reg_5340              |   32|   0|   32|          0|
    |sub_ln190_29_reg_5440              |   32|   0|   32|          0|
    |sub_ln190_37_reg_5375              |   32|   0|   32|          0|
    |sub_ln190_45_reg_5470              |   32|   0|   32|          0|
    |sub_ln190_47_reg_5500              |   32|   0|   32|          0|
    |sub_ln190_5_reg_5305               |   32|   0|   32|          0|
    |sub_ln193_reg_5218                 |   14|   0|   14|          0|
    |sub_ln193_reg_5218_pp0_iter1_reg   |   14|   0|   14|          0|
    |tmp_10_reg_4529                    |   32|   0|   32|          0|
    |tmp_3_reg_4336                     |   32|   0|   32|          0|
    |tmp_4_reg_4388                     |   32|   0|   32|          0|
    |tmp_7_reg_4407                     |   32|   0|   32|          0|
    |tmp_8_reg_4459                     |   32|   0|   32|          0|
    |tmp_9_reg_4477                     |   32|   0|   32|          0|
    |tmp_s_reg_5132                     |   12|   0|   14|          2|
    |trunc_ln138_2_reg_4266             |    2|   0|    2|          0|
    |trunc_ln138_4_reg_4344             |    2|   0|    2|          0|
    |trunc_ln138_6_reg_4415             |    2|   0|    2|          0|
    |trunc_ln138_8_reg_4485             |    2|   0|    2|          0|
    |trunc_ln138_reg_4258               |   32|   0|   32|          0|
    |trunc_ln139_reg_4317               |   32|   0|   32|          0|
    +-----------------------------------+-----+----+-----+-----------+
    |Total                              | 6485|   0| 6503|         18|
    +-----------------------------------+-----+----+-----+-----------+



================================================================
== Interface
================================================================
* Summary: 
+------------------------+-----+-----+------------+--------------+--------------+
|        RTL Ports       | Dir | Bits|  Protocol  | Source Object|    C Type    |
+------------------------+-----+-----+------------+--------------+--------------+
|s_axi_AXILiteS_AWVALID  |  in |    1|    s_axi   |   AXILiteS   |    scalar    |
|s_axi_AXILiteS_AWREADY  | out |    1|    s_axi   |   AXILiteS   |    scalar    |
|s_axi_AXILiteS_AWADDR   |  in |    6|    s_axi   |   AXILiteS   |    scalar    |
|s_axi_AXILiteS_WVALID   |  in |    1|    s_axi   |   AXILiteS   |    scalar    |
|s_axi_AXILiteS_WREADY   | out |    1|    s_axi   |   AXILiteS   |    scalar    |
|s_axi_AXILiteS_WDATA    |  in |   32|    s_axi   |   AXILiteS   |    scalar    |
|s_axi_AXILiteS_WSTRB    |  in |    4|    s_axi   |   AXILiteS   |    scalar    |
|s_axi_AXILiteS_ARVALID  |  in |    1|    s_axi   |   AXILiteS   |    scalar    |
|s_axi_AXILiteS_ARREADY  | out |    1|    s_axi   |   AXILiteS   |    scalar    |
|s_axi_AXILiteS_ARADDR   |  in |    6|    s_axi   |   AXILiteS   |    scalar    |
|s_axi_AXILiteS_RVALID   | out |    1|    s_axi   |   AXILiteS   |    scalar    |
|s_axi_AXILiteS_RREADY   |  in |    1|    s_axi   |   AXILiteS   |    scalar    |
|s_axi_AXILiteS_RDATA    | out |   32|    s_axi   |   AXILiteS   |    scalar    |
|s_axi_AXILiteS_RRESP    | out |    2|    s_axi   |   AXILiteS   |    scalar    |
|s_axi_AXILiteS_BVALID   | out |    1|    s_axi   |   AXILiteS   |    scalar    |
|s_axi_AXILiteS_BREADY   |  in |    1|    s_axi   |   AXILiteS   |    scalar    |
|s_axi_AXILiteS_BRESP    | out |    2|    s_axi   |   AXILiteS   |    scalar    |
|ap_clk                  |  in |    1| ap_ctrl_hs |  beamformer  | return value |
|ap_rst_n                |  in |    1| ap_ctrl_hs |  beamformer  | return value |
|ap_start                |  in |    1| ap_ctrl_hs |  beamformer  | return value |
|ap_done                 | out |    1| ap_ctrl_hs |  beamformer  | return value |
|ap_idle                 | out |    1| ap_ctrl_hs |  beamformer  | return value |
|ap_ready                | out |    1| ap_ctrl_hs |  beamformer  | return value |
|m_axi_gmemi_AWVALID     | out |    1|    m_axi   |     gmemi    |    pointer   |
|m_axi_gmemi_AWREADY     |  in |    1|    m_axi   |     gmemi    |    pointer   |
|m_axi_gmemi_AWADDR      | out |   32|    m_axi   |     gmemi    |    pointer   |
|m_axi_gmemi_AWID        | out |    1|    m_axi   |     gmemi    |    pointer   |
|m_axi_gmemi_AWLEN       | out |    8|    m_axi   |     gmemi    |    pointer   |
|m_axi_gmemi_AWSIZE      | out |    3|    m_axi   |     gmemi    |    pointer   |
|m_axi_gmemi_AWBURST     | out |    2|    m_axi   |     gmemi    |    pointer   |
|m_axi_gmemi_AWLOCK      | out |    2|    m_axi   |     gmemi    |    pointer   |
|m_axi_gmemi_AWCACHE     | out |    4|    m_axi   |     gmemi    |    pointer   |
|m_axi_gmemi_AWPROT      | out |    3|    m_axi   |     gmemi    |    pointer   |
|m_axi_gmemi_AWQOS       | out |    4|    m_axi   |     gmemi    |    pointer   |
|m_axi_gmemi_AWREGION    | out |    4|    m_axi   |     gmemi    |    pointer   |
|m_axi_gmemi_AWUSER      | out |    1|    m_axi   |     gmemi    |    pointer   |
|m_axi_gmemi_WVALID      | out |    1|    m_axi   |     gmemi    |    pointer   |
|m_axi_gmemi_WREADY      |  in |    1|    m_axi   |     gmemi    |    pointer   |
|m_axi_gmemi_WDATA       | out |  128|    m_axi   |     gmemi    |    pointer   |
|m_axi_gmemi_WSTRB       | out |   16|    m_axi   |     gmemi    |    pointer   |
|m_axi_gmemi_WLAST       | out |    1|    m_axi   |     gmemi    |    pointer   |
|m_axi_gmemi_WID         | out |    1|    m_axi   |     gmemi    |    pointer   |
|m_axi_gmemi_WUSER       | out |    1|    m_axi   |     gmemi    |    pointer   |
|m_axi_gmemi_ARVALID     | out |    1|    m_axi   |     gmemi    |    pointer   |
|m_axi_gmemi_ARREADY     |  in |    1|    m_axi   |     gmemi    |    pointer   |
|m_axi_gmemi_ARADDR      | out |   32|    m_axi   |     gmemi    |    pointer   |
|m_axi_gmemi_ARID        | out |    1|    m_axi   |     gmemi    |    pointer   |
|m_axi_gmemi_ARLEN       | out |    8|    m_axi   |     gmemi    |    pointer   |
|m_axi_gmemi_ARSIZE      | out |    3|    m_axi   |     gmemi    |    pointer   |
|m_axi_gmemi_ARBURST     | out |    2|    m_axi   |     gmemi    |    pointer   |
|m_axi_gmemi_ARLOCK      | out |    2|    m_axi   |     gmemi    |    pointer   |
|m_axi_gmemi_ARCACHE     | out |    4|    m_axi   |     gmemi    |    pointer   |
|m_axi_gmemi_ARPROT      | out |    3|    m_axi   |     gmemi    |    pointer   |
|m_axi_gmemi_ARQOS       | out |    4|    m_axi   |     gmemi    |    pointer   |
|m_axi_gmemi_ARREGION    | out |    4|    m_axi   |     gmemi    |    pointer   |
|m_axi_gmemi_ARUSER      | out |    1|    m_axi   |     gmemi    |    pointer   |
|m_axi_gmemi_RVALID      |  in |    1|    m_axi   |     gmemi    |    pointer   |
|m_axi_gmemi_RREADY      | out |    1|    m_axi   |     gmemi    |    pointer   |
|m_axi_gmemi_RDATA       |  in |  128|    m_axi   |     gmemi    |    pointer   |
|m_axi_gmemi_RLAST       |  in |    1|    m_axi   |     gmemi    |    pointer   |
|m_axi_gmemi_RID         |  in |    1|    m_axi   |     gmemi    |    pointer   |
|m_axi_gmemi_RUSER       |  in |    1|    m_axi   |     gmemi    |    pointer   |
|m_axi_gmemi_RRESP       |  in |    2|    m_axi   |     gmemi    |    pointer   |
|m_axi_gmemi_BVALID      |  in |    1|    m_axi   |     gmemi    |    pointer   |
|m_axi_gmemi_BREADY      | out |    1|    m_axi   |     gmemi    |    pointer   |
|m_axi_gmemi_BRESP       |  in |    2|    m_axi   |     gmemi    |    pointer   |
|m_axi_gmemi_BID         |  in |    1|    m_axi   |     gmemi    |    pointer   |
|m_axi_gmemi_BUSER       |  in |    1|    m_axi   |     gmemi    |    pointer   |
|m_axi_gmemq_AWVALID     | out |    1|    m_axi   |     gmemq    |    pointer   |
|m_axi_gmemq_AWREADY     |  in |    1|    m_axi   |     gmemq    |    pointer   |
|m_axi_gmemq_AWADDR      | out |   32|    m_axi   |     gmemq    |    pointer   |
|m_axi_gmemq_AWID        | out |    1|    m_axi   |     gmemq    |    pointer   |
|m_axi_gmemq_AWLEN       | out |    8|    m_axi   |     gmemq    |    pointer   |
|m_axi_gmemq_AWSIZE      | out |    3|    m_axi   |     gmemq    |    pointer   |
|m_axi_gmemq_AWBURST     | out |    2|    m_axi   |     gmemq    |    pointer   |
|m_axi_gmemq_AWLOCK      | out |    2|    m_axi   |     gmemq    |    pointer   |
|m_axi_gmemq_AWCACHE     | out |    4|    m_axi   |     gmemq    |    pointer   |
|m_axi_gmemq_AWPROT      | out |    3|    m_axi   |     gmemq    |    pointer   |
|m_axi_gmemq_AWQOS       | out |    4|    m_axi   |     gmemq    |    pointer   |
|m_axi_gmemq_AWREGION    | out |    4|    m_axi   |     gmemq    |    pointer   |
|m_axi_gmemq_AWUSER      | out |    1|    m_axi   |     gmemq    |    pointer   |
|m_axi_gmemq_WVALID      | out |    1|    m_axi   |     gmemq    |    pointer   |
|m_axi_gmemq_WREADY      |  in |    1|    m_axi   |     gmemq    |    pointer   |
|m_axi_gmemq_WDATA       | out |  128|    m_axi   |     gmemq    |    pointer   |
|m_axi_gmemq_WSTRB       | out |   16|    m_axi   |     gmemq    |    pointer   |
|m_axi_gmemq_WLAST       | out |    1|    m_axi   |     gmemq    |    pointer   |
|m_axi_gmemq_WID         | out |    1|    m_axi   |     gmemq    |    pointer   |
|m_axi_gmemq_WUSER       | out |    1|    m_axi   |     gmemq    |    pointer   |
|m_axi_gmemq_ARVALID     | out |    1|    m_axi   |     gmemq    |    pointer   |
|m_axi_gmemq_ARREADY     |  in |    1|    m_axi   |     gmemq    |    pointer   |
|m_axi_gmemq_ARADDR      | out |   32|    m_axi   |     gmemq    |    pointer   |
|m_axi_gmemq_ARID        | out |    1|    m_axi   |     gmemq    |    pointer   |
|m_axi_gmemq_ARLEN       | out |    8|    m_axi   |     gmemq    |    pointer   |
|m_axi_gmemq_ARSIZE      | out |    3|    m_axi   |     gmemq    |    pointer   |
|m_axi_gmemq_ARBURST     | out |    2|    m_axi   |     gmemq    |    pointer   |
|m_axi_gmemq_ARLOCK      | out |    2|    m_axi   |     gmemq    |    pointer   |
|m_axi_gmemq_ARCACHE     | out |    4|    m_axi   |     gmemq    |    pointer   |
|m_axi_gmemq_ARPROT      | out |    3|    m_axi   |     gmemq    |    pointer   |
|m_axi_gmemq_ARQOS       | out |    4|    m_axi   |     gmemq    |    pointer   |
|m_axi_gmemq_ARREGION    | out |    4|    m_axi   |     gmemq    |    pointer   |
|m_axi_gmemq_ARUSER      | out |    1|    m_axi   |     gmemq    |    pointer   |
|m_axi_gmemq_RVALID      |  in |    1|    m_axi   |     gmemq    |    pointer   |
|m_axi_gmemq_RREADY      | out |    1|    m_axi   |     gmemq    |    pointer   |
|m_axi_gmemq_RDATA       |  in |  128|    m_axi   |     gmemq    |    pointer   |
|m_axi_gmemq_RLAST       |  in |    1|    m_axi   |     gmemq    |    pointer   |
|m_axi_gmemq_RID         |  in |    1|    m_axi   |     gmemq    |    pointer   |
|m_axi_gmemq_RUSER       |  in |    1|    m_axi   |     gmemq    |    pointer   |
|m_axi_gmemq_RRESP       |  in |    2|    m_axi   |     gmemq    |    pointer   |
|m_axi_gmemq_BVALID      |  in |    1|    m_axi   |     gmemq    |    pointer   |
|m_axi_gmemq_BREADY      | out |    1|    m_axi   |     gmemq    |    pointer   |
|m_axi_gmemq_BRESP       |  in |    2|    m_axi   |     gmemq    |    pointer   |
|m_axi_gmemq_BID         |  in |    1|    m_axi   |     gmemq    |    pointer   |
|m_axi_gmemq_BUSER       |  in |    1|    m_axi   |     gmemq    |    pointer   |
+------------------------+-----+-----+------------+--------------+--------------+

