

================================================================
== Vivado HLS Report for 'beamformer'
================================================================
* Date:           Mon May 10 02:49:26 2021

* Version:        2019.2 (Build 2704478 on Wed Nov 06 22:10:23 MST 2019)
* Project:        1_beamformer.prj
* Solution:       solution1
* Product family: virtexuplus
* Target device:  xcu200-fsgd2104-2-e


================================================================
== Performance Estimates
================================================================
+ Timing: 
    * Summary: 
    +--------+----------+----------+------------+
    |  Clock |  Target  | Estimated| Uncertainty|
    +--------+----------+----------+------------+
    |ap_clk  | 10.00 ns | 8.750 ns |   1.25 ns  |
    +--------+----------+----------+------------+

+ Latency: 
    * Summary: 
    +---------+---------+----------+----------+-------+-------+---------+
    |  Latency (cycles) |  Latency (absolute) |    Interval   | Pipeline|
    |   min   |   max   |    min   |    max   |  min  |  max  |   Type  |
    +---------+---------+----------+----------+-------+-------+---------+
    |    52537|    52537| 0.525 ms | 0.525 ms |  52537|  52537|   none  |
    +---------+---------+----------+----------+-------+-------+---------+

    + Detail: 
        * Instance: 
        N/A

        * Loop: 
        +----------+---------+---------+----------+-----------+-----------+-------+----------+
        |          |  Latency (cycles) | Iteration|  Initiation Interval  |  Trip |          |
        | Loop Name|   min   |   max   |  Latency |  achieved |   target  | Count | Pipelined|
        +----------+---------+---------+----------+-----------+-----------+-------+----------+
        |- readA   |    40001|    40001|         6|          4|          1|  10000|    yes   |
        |- loop1   |     5002|     5002|         5|          2|          1|   2500|    yes   |
        |- writeC  |     7500|     7500|         4|          -|          -|   1875|    no    |
        +----------+---------+---------+----------+-----------+-----------+-------+----------+



================================================================
== Utilization Estimates
================================================================
* Summary: 
+---------------------+---------+-------+---------+---------+-----+
|         Name        | BRAM_18K| DSP48E|    FF   |   LUT   | URAM|
+---------------------+---------+-------+---------+---------+-----+
|DSP                  |        -|      -|        -|        -|    -|
|Expression           |        -|    576|        0|     9262|    -|
|FIFO                 |        -|      -|        -|        -|    -|
|Instance             |       16|      -|     1484|     1998|    -|
|Memory               |      182|      -|        0|        0|    0|
|Multiplexer          |        -|      -|        -|     1204|    -|
|Register             |        -|      -|     5729|        -|    -|
+---------------------+---------+-------+---------+---------+-----+
|Total                |      198|    576|     7213|    12464|    0|
+---------------------+---------+-------+---------+---------+-----+
|Available SLR        |     1440|   2280|   788160|   394080|  320|
+---------------------+---------+-------+---------+---------+-----+
|Utilization SLR (%)  |       13|     25|    ~0   |        3|    0|
+---------------------+---------+-------+---------+---------+-----+
|Available            |     4320|   6840|  2364480|  1182240|  960|
+---------------------+---------+-------+---------+---------+-----+
|Utilization (%)      |        4|      8|    ~0   |        1|    0|
+---------------------+---------+-------+---------+---------+-----+

+ Detail: 
    * Instance: 
    +-----------------------------+---------------------------+---------+-------+-----+-----+-----+
    |           Instance          |           Module          | BRAM_18K| DSP48E|  FF | LUT | URAM|
    +-----------------------------+---------------------------+---------+-------+-----+-----+-----+
    |beamformer_AXILiteS_s_axi_U  |beamformer_AXILiteS_s_axi  |        0|      0|  258|  424|    0|
    |beamformer_gmemi_m_axi_U     |beamformer_gmemi_m_axi     |        8|      0|  613|  787|    0|
    |beamformer_gmemq_m_axi_U     |beamformer_gmemq_m_axi     |        8|      0|  613|  787|    0|
    +-----------------------------+---------------------------+---------+-------+-----+-----+-----+
    |Total                        |                           |       16|      0| 1484| 1998|    0|
    +-----------------------------+---------------------------+---------+-------+-----+-----+-----+

    * DSP48E: 
    N/A

    * Memory: 
    +---------+------------------+---------+---+----+-----+-------+-----+------+-------------+
    |  Memory |      Module      | BRAM_18K| FF| LUT| URAM| Words | Bits| Banks| W*Bits*Banks|
    +---------+------------------+---------+---+----+-----+-------+-----+------+-------------+
    |Bi_U     |beamformer_Bi     |       15|  0|   0|    0|   7500|   32|     1|       240000|
    |Bq_U     |beamformer_Bi     |       15|  0|   0|    0|   7500|   32|     1|       240000|
    |RXi_0_U  |beamformer_RXi_0  |       19|  0|   0|    0|  10000|   32|     1|       320000|
    |RXi_1_U  |beamformer_RXi_0  |       19|  0|   0|    0|  10000|   32|     1|       320000|
    |RXi_2_U  |beamformer_RXi_0  |       19|  0|   0|    0|  10000|   32|     1|       320000|
    |RXi_3_U  |beamformer_RXi_0  |       19|  0|   0|    0|  10000|   32|     1|       320000|
    |RXq_0_U  |beamformer_RXi_0  |       19|  0|   0|    0|  10000|   32|     1|       320000|
    |RXq_1_U  |beamformer_RXi_0  |       19|  0|   0|    0|  10000|   32|     1|       320000|
    |RXq_2_U  |beamformer_RXi_0  |       19|  0|   0|    0|  10000|   32|     1|       320000|
    |RXq_3_U  |beamformer_RXi_0  |       19|  0|   0|    0|  10000|   32|     1|       320000|
    +---------+------------------+---------+---+----+-----+-------+-----+------+-------------+
    |Total    |                  |      182|  0|   0|    0|  95000|  320|    10|      3040000|
    +---------+------------------+---------+---+----+-----+-------+-----+------+-------------+

    * FIFO: 
    N/A

    * Expression: 
    +-----------------------------------+----------+-------+---+----+------------+------------+
    |           Variable Name           | Operation| DSP48E| FF| LUT| Bitwidth P0| Bitwidth P1|
    +-----------------------------------+----------+-------+---+----+------------+------------+
    |mul_ln192_10_fu_1981_p2            |     *    |      3|  0|  20|          32|          32|
    |mul_ln192_11_fu_1986_p2            |     *    |      3|  0|  20|          32|          32|
    |mul_ln192_12_fu_2013_p2            |     *    |      3|  0|  20|          32|          32|
    |mul_ln192_13_fu_2018_p2            |     *    |      3|  0|  20|          32|          32|
    |mul_ln192_14_fu_2033_p2            |     *    |      3|  0|  20|          32|          32|
    |mul_ln192_15_fu_2038_p2            |     *    |      3|  0|  20|          32|          32|
    |mul_ln192_16_fu_2776_p2            |     *    |      3|  0|  20|          32|          32|
    |mul_ln192_17_fu_2781_p2            |     *    |      3|  0|  20|          32|          32|
    |mul_ln192_18_fu_2808_p2            |     *    |      3|  0|  20|          32|          32|
    |mul_ln192_19_fu_2813_p2            |     *    |      3|  0|  20|          32|          32|
    |mul_ln192_1_fu_1832_p2             |     *    |      3|  0|  20|          32|          32|
    |mul_ln192_20_fu_2840_p2            |     *    |      3|  0|  20|          32|          32|
    |mul_ln192_21_fu_2845_p2            |     *    |      3|  0|  20|          32|          32|
    |mul_ln192_22_fu_2872_p2            |     *    |      3|  0|  20|          32|          32|
    |mul_ln192_23_fu_2877_p2            |     *    |      3|  0|  20|          32|          32|
    |mul_ln192_24_fu_2904_p2            |     *    |      3|  0|  20|          32|          32|
    |mul_ln192_25_fu_2909_p2            |     *    |      3|  0|  20|          32|          32|
    |mul_ln192_26_fu_2936_p2            |     *    |      3|  0|  20|          32|          32|
    |mul_ln192_27_fu_2941_p2            |     *    |      3|  0|  20|          32|          32|
    |mul_ln192_28_fu_2968_p2            |     *    |      3|  0|  20|          32|          32|
    |mul_ln192_29_fu_2973_p2            |     *    |      3|  0|  20|          32|          32|
    |mul_ln192_2_fu_1853_p2             |     *    |      3|  0|  20|          32|          32|
    |mul_ln192_30_fu_2988_p2            |     *    |      3|  0|  20|          32|          32|
    |mul_ln192_31_fu_2993_p2            |     *    |      3|  0|  20|          32|          32|
    |mul_ln192_32_fu_2137_p2            |     *    |      3|  0|  20|          32|          32|
    |mul_ln192_33_fu_2142_p2            |     *    |      3|  0|  20|          32|          32|
    |mul_ln192_34_fu_2163_p2            |     *    |      3|  0|  20|          32|          32|
    |mul_ln192_35_fu_2168_p2            |     *    |      3|  0|  20|          32|          32|
    |mul_ln192_36_fu_2195_p2            |     *    |      3|  0|  20|          32|          32|
    |mul_ln192_37_fu_2200_p2            |     *    |      3|  0|  20|          32|          32|
    |mul_ln192_38_fu_2227_p2            |     *    |      3|  0|  20|          32|          32|
    |mul_ln192_39_fu_2232_p2            |     *    |      3|  0|  20|          32|          32|
    |mul_ln192_3_fu_1858_p2             |     *    |      3|  0|  20|          32|          32|
    |mul_ln192_40_fu_2259_p2            |     *    |      3|  0|  20|          32|          32|
    |mul_ln192_41_fu_2264_p2            |     *    |      3|  0|  20|          32|          32|
    |mul_ln192_42_fu_2291_p2            |     *    |      3|  0|  20|          32|          32|
    |mul_ln192_43_fu_2296_p2            |     *    |      3|  0|  20|          32|          32|
    |mul_ln192_44_fu_2323_p2            |     *    |      3|  0|  20|          32|          32|
    |mul_ln192_45_fu_2328_p2            |     *    |      3|  0|  20|          32|          32|
    |mul_ln192_46_fu_2343_p2            |     *    |      3|  0|  20|          32|          32|
    |mul_ln192_47_fu_2348_p2            |     *    |      3|  0|  20|          32|          32|
    |mul_ln192_48_fu_3127_p2            |     *    |      3|  0|  20|          32|          32|
    |mul_ln192_49_fu_3132_p2            |     *    |      3|  0|  20|          32|          32|
    |mul_ln192_4_fu_1885_p2             |     *    |      3|  0|  20|          32|          32|
    |mul_ln192_50_fu_3159_p2            |     *    |      3|  0|  20|          32|          32|
    |mul_ln192_51_fu_3164_p2            |     *    |      3|  0|  20|          32|          32|
    |mul_ln192_52_fu_3191_p2            |     *    |      3|  0|  20|          32|          32|
    |mul_ln192_53_fu_3196_p2            |     *    |      3|  0|  20|          32|          32|
    |mul_ln192_54_fu_3223_p2            |     *    |      3|  0|  20|          32|          32|
    |mul_ln192_55_fu_3228_p2            |     *    |      3|  0|  20|          32|          32|
    |mul_ln192_56_fu_3255_p2            |     *    |      3|  0|  20|          32|          32|
    |mul_ln192_57_fu_3260_p2            |     *    |      3|  0|  20|          32|          32|
    |mul_ln192_58_fu_3287_p2            |     *    |      3|  0|  20|          32|          32|
    |mul_ln192_59_fu_3292_p2            |     *    |      3|  0|  20|          32|          32|
    |mul_ln192_5_fu_1890_p2             |     *    |      3|  0|  20|          32|          32|
    |mul_ln192_60_fu_3319_p2            |     *    |      3|  0|  20|          32|          32|
    |mul_ln192_61_fu_3324_p2            |     *    |      3|  0|  20|          32|          32|
    |mul_ln192_62_fu_3339_p2            |     *    |      3|  0|  20|          32|          32|
    |mul_ln192_63_fu_3344_p2            |     *    |      3|  0|  20|          32|          32|
    |mul_ln192_64_fu_2447_p2            |     *    |      3|  0|  20|          32|          32|
    |mul_ln192_65_fu_2452_p2            |     *    |      3|  0|  20|          32|          32|
    |mul_ln192_66_fu_2473_p2            |     *    |      3|  0|  20|          32|          32|
    |mul_ln192_67_fu_2478_p2            |     *    |      3|  0|  20|          32|          32|
    |mul_ln192_68_fu_2505_p2            |     *    |      3|  0|  20|          32|          32|
    |mul_ln192_69_fu_2510_p2            |     *    |      3|  0|  20|          32|          32|
    |mul_ln192_6_fu_1917_p2             |     *    |      3|  0|  20|          32|          32|
    |mul_ln192_70_fu_2537_p2            |     *    |      3|  0|  20|          32|          32|
    |mul_ln192_71_fu_2542_p2            |     *    |      3|  0|  20|          32|          32|
    |mul_ln192_72_fu_2569_p2            |     *    |      3|  0|  20|          32|          32|
    |mul_ln192_73_fu_2574_p2            |     *    |      3|  0|  20|          32|          32|
    |mul_ln192_74_fu_2601_p2            |     *    |      3|  0|  20|          32|          32|
    |mul_ln192_75_fu_2606_p2            |     *    |      3|  0|  20|          32|          32|
    |mul_ln192_76_fu_2633_p2            |     *    |      3|  0|  20|          32|          32|
    |mul_ln192_77_fu_2638_p2            |     *    |      3|  0|  20|          32|          32|
    |mul_ln192_78_fu_2653_p2            |     *    |      3|  0|  20|          32|          32|
    |mul_ln192_79_fu_2658_p2            |     *    |      3|  0|  20|          32|          32|
    |mul_ln192_7_fu_1922_p2             |     *    |      3|  0|  20|          32|          32|
    |mul_ln192_80_fu_3478_p2            |     *    |      3|  0|  20|          32|          32|
    |mul_ln192_81_fu_3483_p2            |     *    |      3|  0|  20|          32|          32|
    |mul_ln192_82_fu_3510_p2            |     *    |      3|  0|  20|          32|          32|
    |mul_ln192_83_fu_3515_p2            |     *    |      3|  0|  20|          32|          32|
    |mul_ln192_84_fu_3542_p2            |     *    |      3|  0|  20|          32|          32|
    |mul_ln192_85_fu_3547_p2            |     *    |      3|  0|  20|          32|          32|
    |mul_ln192_86_fu_3574_p2            |     *    |      3|  0|  20|          32|          32|
    |mul_ln192_87_fu_3579_p2            |     *    |      3|  0|  20|          32|          32|
    |mul_ln192_88_fu_3606_p2            |     *    |      3|  0|  20|          32|          32|
    |mul_ln192_89_fu_3611_p2            |     *    |      3|  0|  20|          32|          32|
    |mul_ln192_8_fu_1949_p2             |     *    |      3|  0|  20|          32|          32|
    |mul_ln192_90_fu_3638_p2            |     *    |      3|  0|  20|          32|          32|
    |mul_ln192_91_fu_3643_p2            |     *    |      3|  0|  20|          32|          32|
    |mul_ln192_92_fu_3670_p2            |     *    |      3|  0|  20|          32|          32|
    |mul_ln192_93_fu_3675_p2            |     *    |      3|  0|  20|          32|          32|
    |mul_ln192_94_fu_3690_p2            |     *    |      3|  0|  20|          32|          32|
    |mul_ln192_95_fu_3695_p2            |     *    |      3|  0|  20|          32|          32|
    |mul_ln192_9_fu_1954_p2             |     *    |      3|  0|  20|          32|          32|
    |mul_ln192_fu_1827_p2               |     *    |      3|  0|  20|          32|          32|
    |mul_ln193_10_fu_2003_p2            |     *    |      3|  0|  20|          32|          32|
    |mul_ln193_11_fu_2008_p2            |     *    |      3|  0|  20|          32|          32|
    |mul_ln193_12_fu_2023_p2            |     *    |      3|  0|  20|          32|          32|
    |mul_ln193_13_fu_2028_p2            |     *    |      3|  0|  20|          32|          32|
    |mul_ln193_14_fu_2043_p2            |     *    |      3|  0|  20|          32|          32|
    |mul_ln193_15_fu_2048_p2            |     *    |      3|  0|  20|          32|          32|
    |mul_ln193_16_fu_2798_p2            |     *    |      3|  0|  20|          32|          32|
    |mul_ln193_17_fu_2803_p2            |     *    |      3|  0|  20|          32|          32|
    |mul_ln193_18_fu_2830_p2            |     *    |      3|  0|  20|          32|          32|
    |mul_ln193_19_fu_2835_p2            |     *    |      3|  0|  20|          32|          32|
    |mul_ln193_1_fu_1848_p2             |     *    |      3|  0|  20|          32|          32|
    |mul_ln193_20_fu_2862_p2            |     *    |      3|  0|  20|          32|          32|
    |mul_ln193_21_fu_2867_p2            |     *    |      3|  0|  20|          32|          32|
    |mul_ln193_22_fu_2894_p2            |     *    |      3|  0|  20|          32|          32|
    |mul_ln193_23_fu_2899_p2            |     *    |      3|  0|  20|          32|          32|
    |mul_ln193_24_fu_2926_p2            |     *    |      3|  0|  20|          32|          32|
    |mul_ln193_25_fu_2931_p2            |     *    |      3|  0|  20|          32|          32|
    |mul_ln193_26_fu_2958_p2            |     *    |      3|  0|  20|          32|          32|
    |mul_ln193_27_fu_2963_p2            |     *    |      3|  0|  20|          32|          32|
    |mul_ln193_28_fu_2978_p2            |     *    |      3|  0|  20|          32|          32|
    |mul_ln193_29_fu_2983_p2            |     *    |      3|  0|  20|          32|          32|
    |mul_ln193_2_fu_1875_p2             |     *    |      3|  0|  20|          32|          32|
    |mul_ln193_30_fu_2998_p2            |     *    |      3|  0|  20|          32|          32|
    |mul_ln193_31_fu_3003_p2            |     *    |      3|  0|  20|          32|          32|
    |mul_ln193_32_fu_2153_p2            |     *    |      3|  0|  20|          32|          32|
    |mul_ln193_33_fu_2158_p2            |     *    |      3|  0|  20|          32|          32|
    |mul_ln193_34_fu_2185_p2            |     *    |      3|  0|  20|          32|          32|
    |mul_ln193_35_fu_2190_p2            |     *    |      3|  0|  20|          32|          32|
    |mul_ln193_36_fu_2217_p2            |     *    |      3|  0|  20|          32|          32|
    |mul_ln193_37_fu_2222_p2            |     *    |      3|  0|  20|          32|          32|
    |mul_ln193_38_fu_2249_p2            |     *    |      3|  0|  20|          32|          32|
    |mul_ln193_39_fu_2254_p2            |     *    |      3|  0|  20|          32|          32|
    |mul_ln193_3_fu_1880_p2             |     *    |      3|  0|  20|          32|          32|
    |mul_ln193_40_fu_2281_p2            |     *    |      3|  0|  20|          32|          32|
    |mul_ln193_41_fu_2286_p2            |     *    |      3|  0|  20|          32|          32|
    |mul_ln193_42_fu_2313_p2            |     *    |      3|  0|  20|          32|          32|
    |mul_ln193_43_fu_2318_p2            |     *    |      3|  0|  20|          32|          32|
    |mul_ln193_44_fu_2333_p2            |     *    |      3|  0|  20|          32|          32|
    |mul_ln193_45_fu_2338_p2            |     *    |      3|  0|  20|          32|          32|
    |mul_ln193_46_fu_2353_p2            |     *    |      3|  0|  20|          32|          32|
    |mul_ln193_47_fu_2358_p2            |     *    |      3|  0|  20|          32|          32|
    |mul_ln193_48_fu_3149_p2            |     *    |      3|  0|  20|          32|          32|
    |mul_ln193_49_fu_3154_p2            |     *    |      3|  0|  20|          32|          32|
    |mul_ln193_4_fu_1907_p2             |     *    |      3|  0|  20|          32|          32|
    |mul_ln193_50_fu_3181_p2            |     *    |      3|  0|  20|          32|          32|
    |mul_ln193_51_fu_3186_p2            |     *    |      3|  0|  20|          32|          32|
    |mul_ln193_52_fu_3213_p2            |     *    |      3|  0|  20|          32|          32|
    |mul_ln193_53_fu_3218_p2            |     *    |      3|  0|  20|          32|          32|
    |mul_ln193_54_fu_3245_p2            |     *    |      3|  0|  20|          32|          32|
    |mul_ln193_55_fu_3250_p2            |     *    |      3|  0|  20|          32|          32|
    |mul_ln193_56_fu_3277_p2            |     *    |      3|  0|  20|          32|          32|
    |mul_ln193_57_fu_3282_p2            |     *    |      3|  0|  20|          32|          32|
    |mul_ln193_58_fu_3309_p2            |     *    |      3|  0|  20|          32|          32|
    |mul_ln193_59_fu_3314_p2            |     *    |      3|  0|  20|          32|          32|
    |mul_ln193_5_fu_1912_p2             |     *    |      3|  0|  20|          32|          32|
    |mul_ln193_60_fu_3329_p2            |     *    |      3|  0|  20|          32|          32|
    |mul_ln193_61_fu_3334_p2            |     *    |      3|  0|  20|          32|          32|
    |mul_ln193_62_fu_3349_p2            |     *    |      3|  0|  20|          32|          32|
    |mul_ln193_63_fu_3354_p2            |     *    |      3|  0|  20|          32|          32|
    |mul_ln193_64_fu_2463_p2            |     *    |      3|  0|  20|          32|          32|
    |mul_ln193_65_fu_2468_p2            |     *    |      3|  0|  20|          32|          32|
    |mul_ln193_66_fu_2495_p2            |     *    |      3|  0|  20|          32|          32|
    |mul_ln193_67_fu_2500_p2            |     *    |      3|  0|  20|          32|          32|
    |mul_ln193_68_fu_2527_p2            |     *    |      3|  0|  20|          32|          32|
    |mul_ln193_69_fu_2532_p2            |     *    |      3|  0|  20|          32|          32|
    |mul_ln193_6_fu_1939_p2             |     *    |      3|  0|  20|          32|          32|
    |mul_ln193_70_fu_2559_p2            |     *    |      3|  0|  20|          32|          32|
    |mul_ln193_71_fu_2564_p2            |     *    |      3|  0|  20|          32|          32|
    |mul_ln193_72_fu_2591_p2            |     *    |      3|  0|  20|          32|          32|
    |mul_ln193_73_fu_2596_p2            |     *    |      3|  0|  20|          32|          32|
    |mul_ln193_74_fu_2623_p2            |     *    |      3|  0|  20|          32|          32|
    |mul_ln193_75_fu_2628_p2            |     *    |      3|  0|  20|          32|          32|
    |mul_ln193_76_fu_2643_p2            |     *    |      3|  0|  20|          32|          32|
    |mul_ln193_77_fu_2648_p2            |     *    |      3|  0|  20|          32|          32|
    |mul_ln193_78_fu_2663_p2            |     *    |      3|  0|  20|          32|          32|
    |mul_ln193_79_fu_2668_p2            |     *    |      3|  0|  20|          32|          32|
    |mul_ln193_7_fu_1944_p2             |     *    |      3|  0|  20|          32|          32|
    |mul_ln193_80_fu_3500_p2            |     *    |      3|  0|  20|          32|          32|
    |mul_ln193_81_fu_3505_p2            |     *    |      3|  0|  20|          32|          32|
    |mul_ln193_82_fu_3532_p2            |     *    |      3|  0|  20|          32|          32|
    |mul_ln193_83_fu_3537_p2            |     *    |      3|  0|  20|          32|          32|
    |mul_ln193_84_fu_3564_p2            |     *    |      3|  0|  20|          32|          32|
    |mul_ln193_85_fu_3569_p2            |     *    |      3|  0|  20|          32|          32|
    |mul_ln193_86_fu_3596_p2            |     *    |      3|  0|  20|          32|          32|
    |mul_ln193_87_fu_3601_p2            |     *    |      3|  0|  20|          32|          32|
    |mul_ln193_88_fu_3628_p2            |     *    |      3|  0|  20|          32|          32|
    |mul_ln193_89_fu_3633_p2            |     *    |      3|  0|  20|          32|          32|
    |mul_ln193_8_fu_1971_p2             |     *    |      3|  0|  20|          32|          32|
    |mul_ln193_90_fu_3660_p2            |     *    |      3|  0|  20|          32|          32|
    |mul_ln193_91_fu_3665_p2            |     *    |      3|  0|  20|          32|          32|
    |mul_ln193_92_fu_3680_p2            |     *    |      3|  0|  20|          32|          32|
    |mul_ln193_93_fu_3685_p2            |     *    |      3|  0|  20|          32|          32|
    |mul_ln193_94_fu_3700_p2            |     *    |      3|  0|  20|          32|          32|
    |mul_ln193_95_fu_3705_p2            |     *    |      3|  0|  20|          32|          32|
    |mul_ln193_9_fu_1976_p2             |     *    |      3|  0|  20|          32|          32|
    |mul_ln193_fu_1843_p2               |     *    |      3|  0|  20|          32|          32|
    |add_ln129_1_fu_1469_p2             |     +    |      0|  0|  32|           1|          32|
    |add_ln129_2_fu_1544_p2             |     +    |      0|  0|  32|           1|          32|
    |add_ln129_3_fu_1463_p2             |     +    |      0|  0|  16|          16|           3|
    |add_ln129_4_fu_1619_p2             |     +    |      0|  0|  32|          32|           1|
    |add_ln129_fu_1388_p2               |     +    |      0|  0|  32|           1|          32|
    |add_ln138_1_fu_1399_p2             |     +    |      0|  0|  32|           1|          32|
    |add_ln138_2_fu_1480_p2             |     +    |      0|  0|  32|           1|          32|
    |add_ln138_3_fu_1555_p2             |     +    |      0|  0|  32|           1|          32|
    |add_ln138_fu_1322_p2               |     +    |      0|  0|  32|           1|          32|
    |add_ln140_1_fu_1445_p2             |     +    |      0|  0|  15|          15|          15|
    |add_ln140_2_fu_1526_p2             |     +    |      0|  0|  15|          15|          15|
    |add_ln140_3_fu_1601_p2             |     +    |      0|  0|  15|          15|          15|
    |add_ln140_fu_1370_p2               |     +    |      0|  0|  15|          15|          15|
    |add_ln192_10_fu_2882_p2            |     +    |      0|  0|  18|          32|          32|
    |add_ln192_11_fu_2914_p2            |     +    |      0|  0|  18|          32|          32|
    |add_ln192_12_fu_2946_p2            |     +    |      0|  0|  18|          32|          32|
    |add_ln192_13_fu_3826_p2            |     +    |      0|  0|  18|          32|          32|
    |add_ln192_14_fu_3835_p2            |     +    |      0|  0|  18|          32|          32|
    |add_ln192_15_fu_2173_p2            |     +    |      0|  0|  18|          32|          32|
    |add_ln192_16_fu_2205_p2            |     +    |      0|  0|  18|          32|          32|
    |add_ln192_17_fu_2237_p2            |     +    |      0|  0|  18|          32|          32|
    |add_ln192_18_fu_2269_p2            |     +    |      0|  0|  18|          32|          32|
    |add_ln192_19_fu_2301_p2            |     +    |      0|  0|  18|          32|          32|
    |add_ln192_1_fu_1895_p2             |     +    |      0|  0|  18|          32|          32|
    |add_ln192_20_fu_3108_p2            |     +    |      0|  0|  18|          32|          32|
    |add_ln192_21_fu_3117_p2            |     +    |      0|  0|  18|          32|          32|
    |add_ln192_22_fu_3137_p2            |     +    |      0|  0|  18|          32|          32|
    |add_ln192_23_fu_3169_p2            |     +    |      0|  0|  18|          32|          32|
    |add_ln192_24_fu_3201_p2            |     +    |      0|  0|  18|          32|          32|
    |add_ln192_25_fu_3233_p2            |     +    |      0|  0|  18|          32|          32|
    |add_ln192_26_fu_3265_p2            |     +    |      0|  0|  18|          32|          32|
    |add_ln192_27_fu_3297_p2            |     +    |      0|  0|  18|          32|          32|
    |add_ln192_28_fu_3846_p2            |     +    |      0|  0|  18|          32|          32|
    |add_ln192_29_fu_3855_p2            |     +    |      0|  0|  18|          32|          32|
    |add_ln192_2_fu_1927_p2             |     +    |      0|  0|  18|          32|          32|
    |add_ln192_30_fu_2483_p2            |     +    |      0|  0|  18|          32|          32|
    |add_ln192_31_fu_2515_p2            |     +    |      0|  0|  18|          32|          32|
    |add_ln192_32_fu_2547_p2            |     +    |      0|  0|  18|          32|          32|
    |add_ln192_33_fu_2579_p2            |     +    |      0|  0|  18|          32|          32|
    |add_ln192_34_fu_2611_p2            |     +    |      0|  0|  18|          32|          32|
    |add_ln192_35_fu_3459_p2            |     +    |      0|  0|  18|          32|          32|
    |add_ln192_36_fu_3468_p2            |     +    |      0|  0|  18|          32|          32|
    |add_ln192_37_fu_3488_p2            |     +    |      0|  0|  18|          32|          32|
    |add_ln192_38_fu_3520_p2            |     +    |      0|  0|  18|          32|          32|
    |add_ln192_39_fu_3552_p2            |     +    |      0|  0|  18|          32|          32|
    |add_ln192_3_fu_1959_p2             |     +    |      0|  0|  18|          32|          32|
    |add_ln192_40_fu_3584_p2            |     +    |      0|  0|  18|          32|          32|
    |add_ln192_41_fu_3616_p2            |     +    |      0|  0|  18|          32|          32|
    |add_ln192_42_fu_3648_p2            |     +    |      0|  0|  18|          32|          32|
    |add_ln192_43_fu_3866_p2            |     +    |      0|  0|  18|          32|          32|
    |add_ln192_44_fu_3875_p2            |     +    |      0|  0|  18|          32|          32|
    |add_ln192_4_fu_1991_p2             |     +    |      0|  0|  18|          32|          32|
    |add_ln192_5_fu_2757_p2             |     +    |      0|  0|  18|          32|          32|
    |add_ln192_6_fu_2766_p2             |     +    |      0|  0|  18|          32|          32|
    |add_ln192_7_fu_2786_p2             |     +    |      0|  0|  18|          32|          32|
    |add_ln192_8_fu_2818_p2             |     +    |      0|  0|  18|          32|          32|
    |add_ln192_9_fu_2850_p2             |     +    |      0|  0|  18|          32|          32|
    |add_ln192_fu_1863_p2               |     +    |      0|  0|  18|          32|          32|
    |add_ln193_10_fu_2113_p2            |     +    |      0|  0|  18|          32|          32|
    |add_ln193_11_fu_2119_p2            |     +    |      0|  0|  32|          32|          32|
    |add_ln193_12_fu_2125_p2            |     +    |      0|  0|  18|          32|          32|
    |add_ln193_13_fu_2131_p2            |     +    |      0|  0|  18|          32|          32|
    |add_ln193_14_fu_3008_p2            |     +    |      0|  0|  18|          32|          32|
    |add_ln193_15_fu_3012_p2            |     +    |      0|  0|  18|          32|          32|
    |add_ln193_16_fu_3018_p2            |     +    |      0|  0|  32|          32|          32|
    |add_ln193_17_fu_3024_p2            |     +    |      0|  0|  18|          32|          32|
    |add_ln193_18_fu_3030_p2            |     +    |      0|  0|  18|          32|          32|
    |add_ln193_19_fu_3036_p2            |     +    |      0|  0|  32|          32|          32|
    |add_ln193_1_fu_2059_p2             |     +    |      0|  0|  32|          32|          32|
    |add_ln193_20_fu_3042_p2            |     +    |      0|  0|  18|          32|          32|
    |add_ln193_21_fu_3048_p2            |     +    |      0|  0|  18|          32|          32|
    |add_ln193_22_fu_3054_p2            |     +    |      0|  0|  32|          32|          32|
    |add_ln193_23_fu_3060_p2            |     +    |      0|  0|  32|          32|          32|
    |add_ln193_24_fu_3066_p2            |     +    |      0|  0|  18|          32|          32|
    |add_ln193_25_fu_3072_p2            |     +    |      0|  0|  18|          32|          32|
    |add_ln193_26_fu_3078_p2            |     +    |      0|  0|  32|          32|          32|
    |add_ln193_27_fu_3084_p2            |     +    |      0|  0|  18|          32|          32|
    |add_ln193_28_fu_3090_p2            |     +    |      0|  0|  18|          32|          32|
    |add_ln193_29_fu_3096_p2            |     +    |      0|  0|  18|          32|          32|
    |add_ln193_2_fu_2065_p2             |     +    |      0|  0|  18|          32|          32|
    |add_ln193_30_fu_3102_p2            |     +    |      0|  0|  18|          32|          32|
    |add_ln193_31_fu_2363_p2            |     +    |      0|  0|  32|          32|          32|
    |add_ln193_32_fu_2369_p2            |     +    |      0|  0|  32|          32|          32|
    |add_ln193_33_fu_2375_p2            |     +    |      0|  0|  18|          32|          32|
    |add_ln193_34_fu_2381_p2            |     +    |      0|  0|  18|          32|          32|
    |add_ln193_35_fu_2387_p2            |     +    |      0|  0|  32|          32|          32|
    |add_ln193_36_fu_2393_p2            |     +    |      0|  0|  18|          32|          32|
    |add_ln193_37_fu_2399_p2            |     +    |      0|  0|  18|          32|          32|
    |add_ln193_38_fu_2405_p2            |     +    |      0|  0|  32|          32|          32|
    |add_ln193_39_fu_2411_p2            |     +    |      0|  0|  32|          32|          32|
    |add_ln193_3_fu_2071_p2             |     +    |      0|  0|  18|          32|          32|
    |add_ln193_40_fu_2417_p2            |     +    |      0|  0|  18|          32|          32|
    |add_ln193_41_fu_2423_p2            |     +    |      0|  0|  18|          32|          32|
    |add_ln193_42_fu_2429_p2            |     +    |      0|  0|  32|          32|          32|
    |add_ln193_43_fu_2435_p2            |     +    |      0|  0|  18|          32|          32|
    |add_ln193_44_fu_2441_p2            |     +    |      0|  0|  18|          32|          32|
    |add_ln193_45_fu_3359_p2            |     +    |      0|  0|  18|          32|          32|
    |add_ln193_46_fu_3363_p2            |     +    |      0|  0|  18|          32|          32|
    |add_ln193_47_fu_3369_p2            |     +    |      0|  0|  32|          32|          32|
    |add_ln193_48_fu_3375_p2            |     +    |      0|  0|  18|          32|          32|
    |add_ln193_49_fu_3381_p2            |     +    |      0|  0|  18|          32|          32|
    |add_ln193_4_fu_2077_p2             |     +    |      0|  0|  32|          32|          32|
    |add_ln193_50_fu_3387_p2            |     +    |      0|  0|  32|          32|          32|
    |add_ln193_51_fu_3393_p2            |     +    |      0|  0|  18|          32|          32|
    |add_ln193_52_fu_3399_p2            |     +    |      0|  0|  18|          32|          32|
    |add_ln193_53_fu_3405_p2            |     +    |      0|  0|  32|          32|          32|
    |add_ln193_54_fu_3411_p2            |     +    |      0|  0|  32|          32|          32|
    |add_ln193_55_fu_3417_p2            |     +    |      0|  0|  18|          32|          32|
    |add_ln193_56_fu_3423_p2            |     +    |      0|  0|  18|          32|          32|
    |add_ln193_57_fu_3429_p2            |     +    |      0|  0|  32|          32|          32|
    |add_ln193_58_fu_3435_p2            |     +    |      0|  0|  18|          32|          32|
    |add_ln193_59_fu_3441_p2            |     +    |      0|  0|  18|          32|          32|
    |add_ln193_5_fu_2083_p2             |     +    |      0|  0|  18|          32|          32|
    |add_ln193_60_fu_3447_p2            |     +    |      0|  0|  18|          32|          32|
    |add_ln193_61_fu_3453_p2            |     +    |      0|  0|  18|          32|          32|
    |add_ln193_62_fu_2673_p2            |     +    |      0|  0|  32|          32|          32|
    |add_ln193_63_fu_2679_p2            |     +    |      0|  0|  32|          32|          32|
    |add_ln193_64_fu_2685_p2            |     +    |      0|  0|  18|          32|          32|
    |add_ln193_65_fu_2691_p2            |     +    |      0|  0|  18|          32|          32|
    |add_ln193_66_fu_2697_p2            |     +    |      0|  0|  32|          32|          32|
    |add_ln193_67_fu_2703_p2            |     +    |      0|  0|  18|          32|          32|
    |add_ln193_68_fu_2709_p2            |     +    |      0|  0|  18|          32|          32|
    |add_ln193_69_fu_2715_p2            |     +    |      0|  0|  32|          32|          32|
    |add_ln193_6_fu_2089_p2             |     +    |      0|  0|  18|          32|          32|
    |add_ln193_70_fu_2721_p2            |     +    |      0|  0|  32|          32|          32|
    |add_ln193_71_fu_2727_p2            |     +    |      0|  0|  18|          32|          32|
    |add_ln193_72_fu_2733_p2            |     +    |      0|  0|  18|          32|          32|
    |add_ln193_73_fu_2739_p2            |     +    |      0|  0|  32|          32|          32|
    |add_ln193_74_fu_2745_p2            |     +    |      0|  0|  18|          32|          32|
    |add_ln193_75_fu_2751_p2            |     +    |      0|  0|  18|          32|          32|
    |add_ln193_76_fu_3710_p2            |     +    |      0|  0|  18|          32|          32|
    |add_ln193_77_fu_3714_p2            |     +    |      0|  0|  18|          32|          32|
    |add_ln193_78_fu_3720_p2            |     +    |      0|  0|  32|          32|          32|
    |add_ln193_79_fu_3726_p2            |     +    |      0|  0|  18|          32|          32|
    |add_ln193_7_fu_2095_p2             |     +    |      0|  0|  32|          32|          32|
    |add_ln193_80_fu_3732_p2            |     +    |      0|  0|  18|          32|          32|
    |add_ln193_81_fu_3738_p2            |     +    |      0|  0|  32|          32|          32|
    |add_ln193_82_fu_3744_p2            |     +    |      0|  0|  18|          32|          32|
    |add_ln193_83_fu_3750_p2            |     +    |      0|  0|  18|          32|          32|
    |add_ln193_84_fu_3756_p2            |     +    |      0|  0|  32|          32|          32|
    |add_ln193_85_fu_3762_p2            |     +    |      0|  0|  32|          32|          32|
    |add_ln193_86_fu_3768_p2            |     +    |      0|  0|  18|          32|          32|
    |add_ln193_87_fu_3774_p2            |     +    |      0|  0|  18|          32|          32|
    |add_ln193_88_fu_3780_p2            |     +    |      0|  0|  32|          32|          32|
    |add_ln193_89_fu_3786_p2            |     +    |      0|  0|  18|          32|          32|
    |add_ln193_8_fu_2101_p2             |     +    |      0|  0|  32|          32|          32|
    |add_ln193_90_fu_3792_p2            |     +    |      0|  0|  18|          32|          32|
    |add_ln193_91_fu_3798_p2            |     +    |      0|  0|  18|          32|          32|
    |add_ln193_92_fu_3804_p2            |     +    |      0|  0|  18|          32|          32|
    |add_ln193_9_fu_2107_p2             |     +    |      0|  0|  18|          32|          32|
    |add_ln193_fu_2053_p2               |     +    |      0|  0|  32|          32|          32|
    |add_ln195_1_fu_3885_p2             |     +    |      0|  0|  14|          14|           2|
    |add_ln195_fu_3815_p2               |     +    |      0|  0|  14|          14|           1|
    |add_ln202_1_fu_4040_p2             |     +    |      0|  0|  32|           1|          32|
    |add_ln202_2_fu_4106_p2             |     +    |      0|  0|  32|           1|          32|
    |add_ln202_3_fu_4172_p2             |     +    |      0|  0|  13|           3|          13|
    |add_ln202_4_fu_4178_p2             |     +    |      0|  0|  32|           1|          32|
    |add_ln202_fu_3968_p2               |     +    |      0|  0|  32|           1|          32|
    |add_ln208_1_fu_3980_p2             |     +    |      0|  0|  32|           1|          32|
    |add_ln208_2_fu_4052_p2             |     +    |      0|  0|  32|           1|          32|
    |add_ln208_3_fu_4118_p2             |     +    |      0|  0|  32|           1|          32|
    |add_ln208_fu_3908_p2               |     +    |      0|  0|  32|           1|          32|
    |add_ln210_1_fu_4028_p2             |     +    |      0|  0|  18|          14|          14|
    |add_ln210_2_fu_4100_p2             |     +    |      0|  0|  18|          14|          14|
    |add_ln210_3_fu_4166_p2             |     +    |      0|  0|  18|          14|          14|
    |add_ln210_fu_3956_p2               |     +    |      0|  0|  18|          14|          14|
    |i_fu_1727_p2                       |     +    |      0|  0|  12|          12|           1|
    |Bi_d1                              |     -    |      0|  0|  18|          32|          32|
    |sub_ln192_10_fu_2856_p2            |     -    |      0|  0|  18|          32|          32|
    |sub_ln192_11_fu_2888_p2            |     -    |      0|  0|  18|          32|          32|
    |sub_ln192_12_fu_2920_p2            |     -    |      0|  0|  18|          32|          32|
    |sub_ln192_13_fu_2952_p2            |     -    |      0|  0|  18|          32|          32|
    |sub_ln192_14_fu_3830_p2            |     -    |      0|  0|  18|          32|          32|
    |sub_ln192_15_fu_3840_p2            |     -    |      0|  0|  18|          32|          32|
    |sub_ln192_16_fu_2147_p2            |     -    |      0|  0|  32|          32|          32|
    |sub_ln192_17_fu_2179_p2            |     -    |      0|  0|  18|          32|          32|
    |sub_ln192_18_fu_2211_p2            |     -    |      0|  0|  18|          32|          32|
    |sub_ln192_19_fu_2243_p2            |     -    |      0|  0|  18|          32|          32|
    |sub_ln192_1_fu_1869_p2             |     -    |      0|  0|  18|          32|          32|
    |sub_ln192_20_fu_2275_p2            |     -    |      0|  0|  18|          32|          32|
    |sub_ln192_21_fu_2307_p2            |     -    |      0|  0|  18|          32|          32|
    |sub_ln192_22_fu_3112_p2            |     -    |      0|  0|  18|          32|          32|
    |sub_ln192_23_fu_3122_p2            |     -    |      0|  0|  18|          32|          32|
    |sub_ln192_24_fu_3143_p2            |     -    |      0|  0|  18|          32|          32|
    |sub_ln192_25_fu_3175_p2            |     -    |      0|  0|  18|          32|          32|
    |sub_ln192_26_fu_3207_p2            |     -    |      0|  0|  18|          32|          32|
    |sub_ln192_27_fu_3239_p2            |     -    |      0|  0|  18|          32|          32|
    |sub_ln192_28_fu_3271_p2            |     -    |      0|  0|  18|          32|          32|
    |sub_ln192_29_fu_3303_p2            |     -    |      0|  0|  18|          32|          32|
    |sub_ln192_2_fu_1901_p2             |     -    |      0|  0|  18|          32|          32|
    |sub_ln192_30_fu_3850_p2            |     -    |      0|  0|  18|          32|          32|
    |sub_ln192_32_fu_2457_p2            |     -    |      0|  0|  32|          32|          32|
    |sub_ln192_33_fu_2489_p2            |     -    |      0|  0|  18|          32|          32|
    |sub_ln192_34_fu_2521_p2            |     -    |      0|  0|  18|          32|          32|
    |sub_ln192_35_fu_2553_p2            |     -    |      0|  0|  18|          32|          32|
    |sub_ln192_36_fu_2585_p2            |     -    |      0|  0|  18|          32|          32|
    |sub_ln192_37_fu_2617_p2            |     -    |      0|  0|  18|          32|          32|
    |sub_ln192_38_fu_3463_p2            |     -    |      0|  0|  18|          32|          32|
    |sub_ln192_39_fu_3473_p2            |     -    |      0|  0|  18|          32|          32|
    |sub_ln192_3_fu_1933_p2             |     -    |      0|  0|  18|          32|          32|
    |sub_ln192_40_fu_3494_p2            |     -    |      0|  0|  18|          32|          32|
    |sub_ln192_41_fu_3526_p2            |     -    |      0|  0|  18|          32|          32|
    |sub_ln192_42_fu_3558_p2            |     -    |      0|  0|  18|          32|          32|
    |sub_ln192_43_fu_3590_p2            |     -    |      0|  0|  18|          32|          32|
    |sub_ln192_44_fu_3622_p2            |     -    |      0|  0|  18|          32|          32|
    |sub_ln192_45_fu_3654_p2            |     -    |      0|  0|  18|          32|          32|
    |sub_ln192_46_fu_3870_p2            |     -    |      0|  0|  18|          32|          32|
    |sub_ln192_47_fu_3880_p2            |     -    |      0|  0|  18|          32|          32|
    |sub_ln192_4_fu_1965_p2             |     -    |      0|  0|  18|          32|          32|
    |sub_ln192_5_fu_1997_p2             |     -    |      0|  0|  18|          32|          32|
    |sub_ln192_6_fu_2761_p2             |     -    |      0|  0|  18|          32|          32|
    |sub_ln192_7_fu_2771_p2             |     -    |      0|  0|  18|          32|          32|
    |sub_ln192_8_fu_2792_p2             |     -    |      0|  0|  18|          32|          32|
    |sub_ln192_9_fu_2824_p2             |     -    |      0|  0|  18|          32|          32|
    |sub_ln192_fu_1837_p2               |     -    |      0|  0|  32|          32|          32|
    |sub_ln195_fu_1779_p2               |     -    |      0|  0|  14|          14|          14|
    |sub_ln210_1_fu_4022_p2             |     -    |      0|  0|  18|          14|          14|
    |sub_ln210_2_fu_4094_p2             |     -    |      0|  0|  18|          14|          14|
    |sub_ln210_3_fu_4160_p2             |     -    |      0|  0|  18|          14|          14|
    |sub_ln210_fu_3950_p2               |     -    |      0|  0|  18|          14|          14|
    |ap_block_pp0_stage1_11001          |    and   |      0|  0|   2|           1|           1|
    |icmp_ln129_fu_1242_p2              |   icmp   |      0|  0|  13|          16|          16|
    |icmp_ln136_1_fu_1393_p2            |   icmp   |      0|  0|  20|          32|           5|
    |icmp_ln136_2_fu_1474_p2            |   icmp   |      0|  0|  20|          32|           5|
    |icmp_ln136_3_fu_1549_p2            |   icmp   |      0|  0|  20|          32|           5|
    |icmp_ln136_fu_1316_p2              |   icmp   |      0|  0|  20|          32|           5|
    |icmp_ln164_fu_1721_p2              |   icmp   |      0|  0|  13|          12|          12|
    |icmp_ln202_fu_3896_p2              |   icmp   |      0|  0|  13|          13|          11|
    |icmp_ln206_1_fu_3974_p2            |   icmp   |      0|  0|  20|          32|           2|
    |icmp_ln206_2_fu_4046_p2            |   icmp   |      0|  0|  20|          32|           2|
    |icmp_ln206_3_fu_4112_p2            |   icmp   |      0|  0|  20|          32|           2|
    |icmp_ln206_fu_3902_p2              |   icmp   |      0|  0|  20|          32|           2|
    |ap_block_state10_pp0_stage1_iter0  |    or    |      0|  0|   2|           1|           1|
    |ap_block_state15_io                |    or    |      0|  0|   2|           1|           1|
    |ap_block_state22                   |    or    |      0|  0|   2|           1|           1|
    |ap_block_state39_io                |    or    |      0|  0|   2|           1|           1|
    |ap_block_state43_io                |    or    |      0|  0|   2|           1|           1|
    |ap_block_state47                   |    or    |      0|  0|   2|           1|           1|
    |or_ln192_1_fu_1785_p2              |    or    |      0|  0|  14|          14|           2|
    |or_ln192_2_fu_1806_p2              |    or    |      0|  0|  14|          14|           2|
    |or_ln192_fu_1757_p2                |    or    |      0|  0|  14|          14|           1|
    |select_ln136_1_fu_1336_p3          |  select  |      0|  0|  32|           1|           1|
    |select_ln136_2_fu_1485_p3          |  select  |      0|  0|  32|           1|          32|
    |select_ln136_3_fu_1560_p3          |  select  |      0|  0|  32|           1|          32|
    |select_ln136_4_fu_1404_p3          |  select  |      0|  0|  32|           1|          32|
    |select_ln136_5_fu_1411_p3          |  select  |      0|  0|  32|           1|           1|
    |select_ln136_6_fu_1492_p3          |  select  |      0|  0|  32|           1|           1|
    |select_ln136_7_fu_1567_p3          |  select  |      0|  0|  32|           1|           1|
    |select_ln136_fu_1328_p3            |  select  |      0|  0|  32|           1|          32|
    |select_ln206_1_fu_3922_p3          |  select  |      0|  0|  32|           1|           1|
    |select_ln206_2_fu_4058_p3          |  select  |      0|  0|  32|           1|          32|
    |select_ln206_3_fu_4124_p3          |  select  |      0|  0|  32|           1|          32|
    |select_ln206_4_fu_3986_p3          |  select  |      0|  0|  32|           1|          32|
    |select_ln206_5_fu_3994_p3          |  select  |      0|  0|  32|           1|           1|
    |select_ln206_6_fu_4066_p3          |  select  |      0|  0|  32|           1|           1|
    |select_ln206_7_fu_4132_p3          |  select  |      0|  0|  32|           1|           1|
    |select_ln206_fu_3914_p3            |  select  |      0|  0|  32|           1|          32|
    |ap_enable_pp0                      |    xor   |      0|  0|   2|           1|           2|
    |ap_enable_pp1                      |    xor   |      0|  0|   2|           1|           2|
    +-----------------------------------+----------+-------+---+----+------------+------------+
    |Total                              |          |    576|  0|9262|       12752|       13130|
    +-----------------------------------+----------+-------+---+----+------------+------------+

    * Multiplexer: 
    +----------------------------------+-----+-----------+-----+-----------+
    |               Name               | LUT | Input Size| Bits| Total Bits|
    +----------------------------------+-----+-----------+-----+-----------+
    |Bi_address0                       |   27|          5|   13|         65|
    |Bi_address1                       |   21|          4|   13|         52|
    |Bi_d0                             |   15|          3|   32|         96|
    |Bq_address0                       |   27|          5|   13|         65|
    |Bq_address1                       |   21|          4|   13|         52|
    |Bq_d0                             |   15|          3|   32|         96|
    |RXi_0_address0                    |   38|          7|   14|         98|
    |RXi_0_address1                    |   15|          3|   14|         42|
    |RXi_0_d0                          |   27|          5|   32|        160|
    |RXi_1_address0                    |   38|          7|   14|         98|
    |RXi_1_address1                    |   15|          3|   14|         42|
    |RXi_1_d0                          |   27|          5|   32|        160|
    |RXi_2_address0                    |   38|          7|   14|         98|
    |RXi_2_address1                    |   15|          3|   14|         42|
    |RXi_2_d0                          |   27|          5|   32|        160|
    |RXi_3_address0                    |   38|          7|   14|         98|
    |RXi_3_address1                    |   15|          3|   14|         42|
    |RXi_3_d0                          |   27|          5|   32|        160|
    |RXq_0_address0                    |   38|          7|   14|         98|
    |RXq_0_address1                    |   15|          3|   14|         42|
    |RXq_0_d0                          |   27|          5|   32|        160|
    |RXq_1_address0                    |   38|          7|   14|         98|
    |RXq_1_address1                    |   15|          3|   14|         42|
    |RXq_1_d0                          |   27|          5|   32|        160|
    |RXq_2_address0                    |   38|          7|   14|         98|
    |RXq_2_address1                    |   15|          3|   14|         42|
    |RXq_2_d0                          |   27|          5|   32|        160|
    |RXq_3_address0                    |   38|          7|   14|         98|
    |RXq_3_address1                    |   15|          3|   14|         42|
    |RXq_3_d0                          |   27|          5|   32|        160|
    |ap_NS_fsm                         |  189|         43|    1|         43|
    |ap_enable_reg_pp0_iter1           |    9|          2|    1|          2|
    |ap_enable_reg_pp1_iter2           |    9|          2|    1|          2|
    |ap_phi_mux_i_4_phi_fu_1026_p4     |    9|          2|   12|         24|
    |ap_phi_mux_itr_0_0_phi_fu_990_p4  |    9|          2|   16|         32|
    |gmemi_ARADDR                      |   15|          3|   32|         96|
    |gmemi_ARLEN                       |   15|          3|   32|         96|
    |gmemi_blk_n_AR                    |    9|          2|    1|          2|
    |gmemi_blk_n_AW                    |    9|          2|    1|          2|
    |gmemi_blk_n_B                     |    9|          2|    1|          2|
    |gmemi_blk_n_R                     |    9|          2|    1|          2|
    |gmemi_blk_n_W                     |    9|          2|    1|          2|
    |gmemq_ARADDR                      |   15|          3|   32|         96|
    |gmemq_ARLEN                       |   15|          3|   32|         96|
    |gmemq_blk_n_AR                    |    9|          2|    1|          2|
    |gmemq_blk_n_AW                    |    9|          2|    1|          2|
    |gmemq_blk_n_B                     |    9|          2|    1|          2|
    |gmemq_blk_n_R                     |    9|          2|    1|          2|
    |gmemq_blk_n_W                     |    9|          2|    1|          2|
    |i_0_0_reg_998                     |    9|          2|   32|         64|
    |i_4_reg_1022                      |    9|          2|   12|         24|
    |i_5_0_reg_1044                    |    9|          2|   32|         64|
    |itr_0_0_reg_986                   |    9|          2|   16|         32|
    |itr_2_0_reg_1033                  |    9|          2|   13|         26|
    |j_0_0_reg_1010                    |    9|          2|   32|         64|
    |j_5_0_reg_1055                    |    9|          2|   32|         64|
    +----------------------------------+-----+-----------+-----+-----------+
    |Total                             | 1204|        241|  934|       3671|
    +----------------------------------+-----+-----------+-----+-----------+

    * Register: 
    +-----------------------------------+----+----+-----+-----------+
    |                Name               | FF | LUT| Bits| Const Bits|
    +-----------------------------------+----+----+-----+-----------+
    |Bi_load_1_reg_5422                 |  32|   0|   32|          0|
    |Bi_load_2_reg_5452                 |  32|   0|   32|          0|
    |Bi_load_3_reg_5462                 |  32|   0|   32|          0|
    |Bi_load_reg_5412                   |  32|   0|   32|          0|
    |Bi_out9_reg_4217                   |  28|   0|   28|          0|
    |Bq_load_1_reg_5427                 |  32|   0|   32|          0|
    |Bq_load_2_reg_5457                 |  32|   0|   32|          0|
    |Bq_load_3_reg_5467                 |  32|   0|   32|          0|
    |Bq_load_reg_5417                   |  32|   0|   32|          0|
    |Bq_out1_reg_4212                   |  28|   0|   28|          0|
    |RXi_in_reg_4237                    |  28|   0|   28|          0|
    |RXq_in_reg_4232                    |  28|   0|   28|          0|
    |Wi_0_0_0_reg_4406                  |  32|   0|   32|          0|
    |Wi_0_0_1_reg_4454                  |  32|   0|   32|          0|
    |Wi_0_0_2_reg_4502                  |  32|   0|   32|          0|
    |Wi_0_0_3_reg_4550                  |  32|   0|   32|          0|
    |Wi_0_1_0_reg_4598                  |  32|   0|   32|          0|
    |Wi_0_1_1_reg_4646                  |  32|   0|   32|          0|
    |Wi_0_1_2_reg_4694                  |  32|   0|   32|          0|
    |Wi_0_1_3_reg_4742                  |  32|   0|   32|          0|
    |Wi_0_2_0_reg_4790                  |  32|   0|   32|          0|
    |Wi_0_2_1_reg_4838                  |  32|   0|   32|          0|
    |Wi_0_2_2_reg_4886                  |  32|   0|   32|          0|
    |Wi_0_2_3_reg_4934                  |  32|   0|   32|          0|
    |Wi_1_0_0_reg_4418                  |  32|   0|   32|          0|
    |Wi_1_0_1_reg_4466                  |  32|   0|   32|          0|
    |Wi_1_0_2_reg_4514                  |  32|   0|   32|          0|
    |Wi_1_0_3_reg_4562                  |  32|   0|   32|          0|
    |Wi_1_1_0_reg_4610                  |  32|   0|   32|          0|
    |Wi_1_1_1_reg_4658                  |  32|   0|   32|          0|
    |Wi_1_1_2_reg_4706                  |  32|   0|   32|          0|
    |Wi_1_1_3_reg_4754                  |  32|   0|   32|          0|
    |Wi_1_2_0_reg_4802                  |  32|   0|   32|          0|
    |Wi_1_2_1_reg_4850                  |  32|   0|   32|          0|
    |Wi_1_2_2_reg_4898                  |  32|   0|   32|          0|
    |Wi_1_2_3_reg_4946                  |  32|   0|   32|          0|
    |Wi_2_0_0_reg_4430                  |  32|   0|   32|          0|
    |Wi_2_0_1_reg_4478                  |  32|   0|   32|          0|
    |Wi_2_0_2_reg_4526                  |  32|   0|   32|          0|
    |Wi_2_0_3_reg_4574                  |  32|   0|   32|          0|
    |Wi_2_1_0_reg_4622                  |  32|   0|   32|          0|
    |Wi_2_1_1_reg_4670                  |  32|   0|   32|          0|
    |Wi_2_1_2_reg_4718                  |  32|   0|   32|          0|
    |Wi_2_1_3_reg_4766                  |  32|   0|   32|          0|
    |Wi_2_2_0_reg_4814                  |  32|   0|   32|          0|
    |Wi_2_2_1_reg_4862                  |  32|   0|   32|          0|
    |Wi_2_2_2_reg_4910                  |  32|   0|   32|          0|
    |Wi_2_2_3_reg_4958                  |  32|   0|   32|          0|
    |Wi_3_0_0_reg_4442                  |  32|   0|   32|          0|
    |Wi_3_0_1_reg_4490                  |  32|   0|   32|          0|
    |Wi_3_0_2_reg_4538                  |  32|   0|   32|          0|
    |Wi_3_0_3_reg_4586                  |  32|   0|   32|          0|
    |Wi_3_1_0_reg_4634                  |  32|   0|   32|          0|
    |Wi_3_1_1_reg_4682                  |  32|   0|   32|          0|
    |Wi_3_1_2_reg_4730                  |  32|   0|   32|          0|
    |Wi_3_1_3_reg_4778                  |  32|   0|   32|          0|
    |Wi_3_2_0_reg_4826                  |  32|   0|   32|          0|
    |Wi_3_2_1_reg_4874                  |  32|   0|   32|          0|
    |Wi_3_2_2_reg_4922                  |  32|   0|   32|          0|
    |Wi_3_2_3_reg_4970                  |  32|   0|   32|          0|
    |Wi_in_reg_4227                     |  28|   0|   28|          0|
    |Wq_0_0_0_reg_4412                  |  32|   0|   32|          0|
    |Wq_0_0_1_reg_4460                  |  32|   0|   32|          0|
    |Wq_0_0_2_reg_4508                  |  32|   0|   32|          0|
    |Wq_0_0_3_reg_4556                  |  32|   0|   32|          0|
    |Wq_0_1_0_reg_4604                  |  32|   0|   32|          0|
    |Wq_0_1_1_reg_4652                  |  32|   0|   32|          0|
    |Wq_0_1_2_reg_4700                  |  32|   0|   32|          0|
    |Wq_0_1_3_reg_4748                  |  32|   0|   32|          0|
    |Wq_0_2_0_reg_4796                  |  32|   0|   32|          0|
    |Wq_0_2_1_reg_4844                  |  32|   0|   32|          0|
    |Wq_0_2_2_reg_4892                  |  32|   0|   32|          0|
    |Wq_0_2_3_reg_4940                  |  32|   0|   32|          0|
    |Wq_1_0_0_reg_4424                  |  32|   0|   32|          0|
    |Wq_1_0_1_reg_4472                  |  32|   0|   32|          0|
    |Wq_1_0_2_reg_4520                  |  32|   0|   32|          0|
    |Wq_1_0_3_reg_4568                  |  32|   0|   32|          0|
    |Wq_1_1_0_reg_4616                  |  32|   0|   32|          0|
    |Wq_1_1_1_reg_4664                  |  32|   0|   32|          0|
    |Wq_1_1_2_reg_4712                  |  32|   0|   32|          0|
    |Wq_1_1_3_reg_4760                  |  32|   0|   32|          0|
    |Wq_1_2_0_reg_4808                  |  32|   0|   32|          0|
    |Wq_1_2_1_reg_4856                  |  32|   0|   32|          0|
    |Wq_1_2_2_reg_4904                  |  32|   0|   32|          0|
    |Wq_1_2_3_reg_4952                  |  32|   0|   32|          0|
    |Wq_2_0_0_reg_4436                  |  32|   0|   32|          0|
    |Wq_2_0_1_reg_4484                  |  32|   0|   32|          0|
    |Wq_2_0_2_reg_4532                  |  32|   0|   32|          0|
    |Wq_2_0_3_reg_4580                  |  32|   0|   32|          0|
    |Wq_2_1_0_reg_4628                  |  32|   0|   32|          0|
    |Wq_2_1_1_reg_4676                  |  32|   0|   32|          0|
    |Wq_2_1_2_reg_4724                  |  32|   0|   32|          0|
    |Wq_2_1_3_reg_4772                  |  32|   0|   32|          0|
    |Wq_2_2_0_reg_4820                  |  32|   0|   32|          0|
    |Wq_2_2_1_reg_4868                  |  32|   0|   32|          0|
    |Wq_2_2_2_reg_4916                  |  32|   0|   32|          0|
    |Wq_2_2_3_reg_4964                  |  32|   0|   32|          0|
    |Wq_3_0_0_reg_4448                  |  32|   0|   32|          0|
    |Wq_3_0_1_reg_4496                  |  32|   0|   32|          0|
    |Wq_3_0_2_reg_4544                  |  32|   0|   32|          0|
    |Wq_3_0_3_reg_4592                  |  32|   0|   32|          0|
    |Wq_3_1_0_reg_4640                  |  32|   0|   32|          0|
    |Wq_3_1_1_reg_4688                  |  32|   0|   32|          0|
    |Wq_3_1_2_reg_4736                  |  32|   0|   32|          0|
    |Wq_3_1_3_reg_4784                  |  32|   0|   32|          0|
    |Wq_3_2_0_reg_4832                  |  32|   0|   32|          0|
    |Wq_3_2_1_reg_4880                  |  32|   0|   32|          0|
    |Wq_3_2_2_reg_4928                  |  32|   0|   32|          0|
    |Wq_3_2_3_reg_4976                  |  32|   0|   32|          0|
    |Wq_in_reg_4222                     |  28|   0|   28|          0|
    |add_ln129_3_reg_4374               |  16|   0|   16|          0|
    |add_ln193_13_reg_5194              |  32|   0|   32|          0|
    |add_ln193_30_reg_5294              |  32|   0|   32|          0|
    |add_ln193_37_reg_5224              |  32|   0|   32|          0|
    |add_ln193_44_reg_5229              |  32|   0|   32|          0|
    |add_ln193_61_reg_5324              |  32|   0|   32|          0|
    |add_ln193_68_reg_5259              |  32|   0|   32|          0|
    |add_ln193_6_reg_5189               |  32|   0|   32|          0|
    |add_ln193_75_reg_5264              |  32|   0|   32|          0|
    |add_ln193_92_reg_5354              |  32|   0|   32|          0|
    |add_ln202_3_reg_5402               |  13|   0|   13|          0|
    |add_ln202_4_reg_5407               |  32|   0|   32|          0|
    |add_ln210_2_reg_5387               |  14|   0|   14|          0|
    |add_ln210_3_reg_5397               |  14|   0|   14|          0|
    |ap_CS_fsm                          |  42|   0|   42|          0|
    |ap_enable_reg_pp0_iter0            |   1|   0|    1|          0|
    |ap_enable_reg_pp0_iter1            |   1|   0|    1|          0|
    |ap_enable_reg_pp1_iter0            |   1|   0|    1|          0|
    |ap_enable_reg_pp1_iter1            |   1|   0|    1|          0|
    |ap_enable_reg_pp1_iter2            |   1|   0|    1|          0|
    |gmemi_addr_1_reg_4272              |  28|   0|   32|          4|
    |gmemi_addr_reg_4260                |  28|   0|   32|          4|
    |gmemq_addr_1_reg_4266              |  28|   0|   32|          4|
    |gmemq_addr_reg_4254                |  28|   0|   32|          4|
    |i_0_0_reg_998                      |  32|   0|   32|          0|
    |i_4_reg_1022                       |  12|   0|   12|          0|
    |i_5_0_reg_1044                     |  32|   0|   32|          0|
    |i_reg_4986                         |  12|   0|   12|          0|
    |icmp_ln129_reg_4278                |   1|   0|    1|          0|
    |icmp_ln129_reg_4278_pp0_iter1_reg  |   1|   0|    1|          0|
    |icmp_ln164_reg_4982                |   1|   0|    1|          0|
    |icmp_ln164_reg_4982_pp1_iter1_reg  |   1|   0|    1|          0|
    |itr_0_0_reg_986                    |  16|   0|   16|          0|
    |itr_2_0_reg_1033                   |  13|   0|   13|          0|
    |j_0_0_reg_1010                     |  32|   0|   32|          0|
    |j_5_0_reg_1055                     |  32|   0|   32|          0|
    |mul_ln192_12_reg_5169              |  32|   0|   32|          0|
    |mul_ln192_13_reg_5174              |  32|   0|   32|          0|
    |mul_ln192_14_reg_5179              |  32|   0|   32|          0|
    |mul_ln192_15_reg_5184              |  32|   0|   32|          0|
    |mul_ln192_28_reg_5274              |  32|   0|   32|          0|
    |mul_ln192_29_reg_5279              |  32|   0|   32|          0|
    |mul_ln192_30_reg_5284              |  32|   0|   32|          0|
    |mul_ln192_31_reg_5289              |  32|   0|   32|          0|
    |mul_ln192_44_reg_5204              |  32|   0|   32|          0|
    |mul_ln192_45_reg_5209              |  32|   0|   32|          0|
    |mul_ln192_46_reg_5214              |  32|   0|   32|          0|
    |mul_ln192_47_reg_5219              |  32|   0|   32|          0|
    |mul_ln192_60_reg_5304              |  32|   0|   32|          0|
    |mul_ln192_61_reg_5309              |  32|   0|   32|          0|
    |mul_ln192_62_reg_5314              |  32|   0|   32|          0|
    |mul_ln192_63_reg_5319              |  32|   0|   32|          0|
    |mul_ln192_76_reg_5239              |  32|   0|   32|          0|
    |mul_ln192_77_reg_5244              |  32|   0|   32|          0|
    |mul_ln192_78_reg_5249              |  32|   0|   32|          0|
    |mul_ln192_79_reg_5254              |  32|   0|   32|          0|
    |mul_ln192_92_reg_5334              |  32|   0|   32|          0|
    |mul_ln192_93_reg_5339              |  32|   0|   32|          0|
    |mul_ln192_94_reg_5344              |  32|   0|   32|          0|
    |mul_ln192_95_reg_5349              |  32|   0|   32|          0|
    |select_ln136_1_reg_4352            |  32|   0|   32|          0|
    |select_ln136_2_reg_4379            |  32|   0|   32|          0|
    |select_ln136_4_reg_4360            |  32|   0|   32|          0|
    |select_ln136_5_reg_4366            |  32|   0|   32|          0|
    |select_ln136_6_reg_4385            |  32|   0|   32|          0|
    |select_ln136_reg_4346              |  32|   0|   32|          0|
    |select_ln206_3_reg_5392            |  32|   0|   32|          0|
    |sub_ln192_13_reg_5269              |  32|   0|   32|          0|
    |sub_ln192_21_reg_5199              |  32|   0|   32|          0|
    |sub_ln192_29_reg_5299              |  32|   0|   32|          0|
    |sub_ln192_37_reg_5234              |  32|   0|   32|          0|
    |sub_ln192_45_reg_5329              |  32|   0|   32|          0|
    |sub_ln192_47_reg_5359              |  32|   0|   32|          0|
    |sub_ln192_5_reg_5164               |  32|   0|   32|          0|
    |sub_ln195_reg_5077                 |  14|   0|   14|          0|
    |sub_ln195_reg_5077_pp1_iter1_reg   |  14|   0|   14|          0|
    |tmp_10_reg_4330                    |  32|   0|   32|          0|
    |tmp_11_reg_4338                    |  32|   0|   32|          0|
    |tmp_1_reg_4991                     |  12|   0|   14|          2|
    |tmp_4_reg_4298                     |  32|   0|   32|          0|
    |tmp_5_reg_4306                     |  32|   0|   32|          0|
    |tmp_8_reg_4314                     |  32|   0|   32|          0|
    |tmp_9_reg_4322                     |  32|   0|   32|          0|
    |trunc_ln140_reg_4282               |  32|   0|   32|          0|
    |trunc_ln141_reg_4290               |  32|   0|   32|          0|
    +-----------------------------------+----+----+-----+-----------+
    |Total                              |5729|   0| 5747|         18|
    +-----------------------------------+----+----+-----+-----------+



================================================================
== Interface
================================================================
* Summary: 
+------------------------+-----+-----+------------+--------------+--------------+
|        RTL Ports       | Dir | Bits|  Protocol  | Source Object|    C Type    |
+------------------------+-----+-----+------------+--------------+--------------+
|s_axi_AXILiteS_AWVALID  |  in |    1|    s_axi   |   AXILiteS   |    scalar    |
|s_axi_AXILiteS_AWREADY  | out |    1|    s_axi   |   AXILiteS   |    scalar    |
|s_axi_AXILiteS_AWADDR   |  in |    6|    s_axi   |   AXILiteS   |    scalar    |
|s_axi_AXILiteS_WVALID   |  in |    1|    s_axi   |   AXILiteS   |    scalar    |
|s_axi_AXILiteS_WREADY   | out |    1|    s_axi   |   AXILiteS   |    scalar    |
|s_axi_AXILiteS_WDATA    |  in |   32|    s_axi   |   AXILiteS   |    scalar    |
|s_axi_AXILiteS_WSTRB    |  in |    4|    s_axi   |   AXILiteS   |    scalar    |
|s_axi_AXILiteS_ARVALID  |  in |    1|    s_axi   |   AXILiteS   |    scalar    |
|s_axi_AXILiteS_ARREADY  | out |    1|    s_axi   |   AXILiteS   |    scalar    |
|s_axi_AXILiteS_ARADDR   |  in |    6|    s_axi   |   AXILiteS   |    scalar    |
|s_axi_AXILiteS_RVALID   | out |    1|    s_axi   |   AXILiteS   |    scalar    |
|s_axi_AXILiteS_RREADY   |  in |    1|    s_axi   |   AXILiteS   |    scalar    |
|s_axi_AXILiteS_RDATA    | out |   32|    s_axi   |   AXILiteS   |    scalar    |
|s_axi_AXILiteS_RRESP    | out |    2|    s_axi   |   AXILiteS   |    scalar    |
|s_axi_AXILiteS_BVALID   | out |    1|    s_axi   |   AXILiteS   |    scalar    |
|s_axi_AXILiteS_BREADY   |  in |    1|    s_axi   |   AXILiteS   |    scalar    |
|s_axi_AXILiteS_BRESP    | out |    2|    s_axi   |   AXILiteS   |    scalar    |
|ap_clk                  |  in |    1| ap_ctrl_hs |  beamformer  | return value |
|ap_rst_n                |  in |    1| ap_ctrl_hs |  beamformer  | return value |
|ap_start                |  in |    1| ap_ctrl_hs |  beamformer  | return value |
|ap_done                 | out |    1| ap_ctrl_hs |  beamformer  | return value |
|ap_idle                 | out |    1| ap_ctrl_hs |  beamformer  | return value |
|ap_ready                | out |    1| ap_ctrl_hs |  beamformer  | return value |
|m_axi_gmemi_AWVALID     | out |    1|    m_axi   |     gmemi    |    pointer   |
|m_axi_gmemi_AWREADY     |  in |    1|    m_axi   |     gmemi    |    pointer   |
|m_axi_gmemi_AWADDR      | out |   32|    m_axi   |     gmemi    |    pointer   |
|m_axi_gmemi_AWID        | out |    1|    m_axi   |     gmemi    |    pointer   |
|m_axi_gmemi_AWLEN       | out |    8|    m_axi   |     gmemi    |    pointer   |
|m_axi_gmemi_AWSIZE      | out |    3|    m_axi   |     gmemi    |    pointer   |
|m_axi_gmemi_AWBURST     | out |    2|    m_axi   |     gmemi    |    pointer   |
|m_axi_gmemi_AWLOCK      | out |    2|    m_axi   |     gmemi    |    pointer   |
|m_axi_gmemi_AWCACHE     | out |    4|    m_axi   |     gmemi    |    pointer   |
|m_axi_gmemi_AWPROT      | out |    3|    m_axi   |     gmemi    |    pointer   |
|m_axi_gmemi_AWQOS       | out |    4|    m_axi   |     gmemi    |    pointer   |
|m_axi_gmemi_AWREGION    | out |    4|    m_axi   |     gmemi    |    pointer   |
|m_axi_gmemi_AWUSER      | out |    1|    m_axi   |     gmemi    |    pointer   |
|m_axi_gmemi_WVALID      | out |    1|    m_axi   |     gmemi    |    pointer   |
|m_axi_gmemi_WREADY      |  in |    1|    m_axi   |     gmemi    |    pointer   |
|m_axi_gmemi_WDATA       | out |  128|    m_axi   |     gmemi    |    pointer   |
|m_axi_gmemi_WSTRB       | out |   16|    m_axi   |     gmemi    |    pointer   |
|m_axi_gmemi_WLAST       | out |    1|    m_axi   |     gmemi    |    pointer   |
|m_axi_gmemi_WID         | out |    1|    m_axi   |     gmemi    |    pointer   |
|m_axi_gmemi_WUSER       | out |    1|    m_axi   |     gmemi    |    pointer   |
|m_axi_gmemi_ARVALID     | out |    1|    m_axi   |     gmemi    |    pointer   |
|m_axi_gmemi_ARREADY     |  in |    1|    m_axi   |     gmemi    |    pointer   |
|m_axi_gmemi_ARADDR      | out |   32|    m_axi   |     gmemi    |    pointer   |
|m_axi_gmemi_ARID        | out |    1|    m_axi   |     gmemi    |    pointer   |
|m_axi_gmemi_ARLEN       | out |    8|    m_axi   |     gmemi    |    pointer   |
|m_axi_gmemi_ARSIZE      | out |    3|    m_axi   |     gmemi    |    pointer   |
|m_axi_gmemi_ARBURST     | out |    2|    m_axi   |     gmemi    |    pointer   |
|m_axi_gmemi_ARLOCK      | out |    2|    m_axi   |     gmemi    |    pointer   |
|m_axi_gmemi_ARCACHE     | out |    4|    m_axi   |     gmemi    |    pointer   |
|m_axi_gmemi_ARPROT      | out |    3|    m_axi   |     gmemi    |    pointer   |
|m_axi_gmemi_ARQOS       | out |    4|    m_axi   |     gmemi    |    pointer   |
|m_axi_gmemi_ARREGION    | out |    4|    m_axi   |     gmemi    |    pointer   |
|m_axi_gmemi_ARUSER      | out |    1|    m_axi   |     gmemi    |    pointer   |
|m_axi_gmemi_RVALID      |  in |    1|    m_axi   |     gmemi    |    pointer   |
|m_axi_gmemi_RREADY      | out |    1|    m_axi   |     gmemi    |    pointer   |
|m_axi_gmemi_RDATA       |  in |  128|    m_axi   |     gmemi    |    pointer   |
|m_axi_gmemi_RLAST       |  in |    1|    m_axi   |     gmemi    |    pointer   |
|m_axi_gmemi_RID         |  in |    1|    m_axi   |     gmemi    |    pointer   |
|m_axi_gmemi_RUSER       |  in |    1|    m_axi   |     gmemi    |    pointer   |
|m_axi_gmemi_RRESP       |  in |    2|    m_axi   |     gmemi    |    pointer   |
|m_axi_gmemi_BVALID      |  in |    1|    m_axi   |     gmemi    |    pointer   |
|m_axi_gmemi_BREADY      | out |    1|    m_axi   |     gmemi    |    pointer   |
|m_axi_gmemi_BRESP       |  in |    2|    m_axi   |     gmemi    |    pointer   |
|m_axi_gmemi_BID         |  in |    1|    m_axi   |     gmemi    |    pointer   |
|m_axi_gmemi_BUSER       |  in |    1|    m_axi   |     gmemi    |    pointer   |
|m_axi_gmemq_AWVALID     | out |    1|    m_axi   |     gmemq    |    pointer   |
|m_axi_gmemq_AWREADY     |  in |    1|    m_axi   |     gmemq    |    pointer   |
|m_axi_gmemq_AWADDR      | out |   32|    m_axi   |     gmemq    |    pointer   |
|m_axi_gmemq_AWID        | out |    1|    m_axi   |     gmemq    |    pointer   |
|m_axi_gmemq_AWLEN       | out |    8|    m_axi   |     gmemq    |    pointer   |
|m_axi_gmemq_AWSIZE      | out |    3|    m_axi   |     gmemq    |    pointer   |
|m_axi_gmemq_AWBURST     | out |    2|    m_axi   |     gmemq    |    pointer   |
|m_axi_gmemq_AWLOCK      | out |    2|    m_axi   |     gmemq    |    pointer   |
|m_axi_gmemq_AWCACHE     | out |    4|    m_axi   |     gmemq    |    pointer   |
|m_axi_gmemq_AWPROT      | out |    3|    m_axi   |     gmemq    |    pointer   |
|m_axi_gmemq_AWQOS       | out |    4|    m_axi   |     gmemq    |    pointer   |
|m_axi_gmemq_AWREGION    | out |    4|    m_axi   |     gmemq    |    pointer   |
|m_axi_gmemq_AWUSER      | out |    1|    m_axi   |     gmemq    |    pointer   |
|m_axi_gmemq_WVALID      | out |    1|    m_axi   |     gmemq    |    pointer   |
|m_axi_gmemq_WREADY      |  in |    1|    m_axi   |     gmemq    |    pointer   |
|m_axi_gmemq_WDATA       | out |  128|    m_axi   |     gmemq    |    pointer   |
|m_axi_gmemq_WSTRB       | out |   16|    m_axi   |     gmemq    |    pointer   |
|m_axi_gmemq_WLAST       | out |    1|    m_axi   |     gmemq    |    pointer   |
|m_axi_gmemq_WID         | out |    1|    m_axi   |     gmemq    |    pointer   |
|m_axi_gmemq_WUSER       | out |    1|    m_axi   |     gmemq    |    pointer   |
|m_axi_gmemq_ARVALID     | out |    1|    m_axi   |     gmemq    |    pointer   |
|m_axi_gmemq_ARREADY     |  in |    1|    m_axi   |     gmemq    |    pointer   |
|m_axi_gmemq_ARADDR      | out |   32|    m_axi   |     gmemq    |    pointer   |
|m_axi_gmemq_ARID        | out |    1|    m_axi   |     gmemq    |    pointer   |
|m_axi_gmemq_ARLEN       | out |    8|    m_axi   |     gmemq    |    pointer   |
|m_axi_gmemq_ARSIZE      | out |    3|    m_axi   |     gmemq    |    pointer   |
|m_axi_gmemq_ARBURST     | out |    2|    m_axi   |     gmemq    |    pointer   |
|m_axi_gmemq_ARLOCK      | out |    2|    m_axi   |     gmemq    |    pointer   |
|m_axi_gmemq_ARCACHE     | out |    4|    m_axi   |     gmemq    |    pointer   |
|m_axi_gmemq_ARPROT      | out |    3|    m_axi   |     gmemq    |    pointer   |
|m_axi_gmemq_ARQOS       | out |    4|    m_axi   |     gmemq    |    pointer   |
|m_axi_gmemq_ARREGION    | out |    4|    m_axi   |     gmemq    |    pointer   |
|m_axi_gmemq_ARUSER      | out |    1|    m_axi   |     gmemq    |    pointer   |
|m_axi_gmemq_RVALID      |  in |    1|    m_axi   |     gmemq    |    pointer   |
|m_axi_gmemq_RREADY      | out |    1|    m_axi   |     gmemq    |    pointer   |
|m_axi_gmemq_RDATA       |  in |  128|    m_axi   |     gmemq    |    pointer   |
|m_axi_gmemq_RLAST       |  in |    1|    m_axi   |     gmemq    |    pointer   |
|m_axi_gmemq_RID         |  in |    1|    m_axi   |     gmemq    |    pointer   |
|m_axi_gmemq_RUSER       |  in |    1|    m_axi   |     gmemq    |    pointer   |
|m_axi_gmemq_RRESP       |  in |    2|    m_axi   |     gmemq    |    pointer   |
|m_axi_gmemq_BVALID      |  in |    1|    m_axi   |     gmemq    |    pointer   |
|m_axi_gmemq_BREADY      | out |    1|    m_axi   |     gmemq    |    pointer   |
|m_axi_gmemq_BRESP       |  in |    2|    m_axi   |     gmemq    |    pointer   |
|m_axi_gmemq_BID         |  in |    1|    m_axi   |     gmemq    |    pointer   |
|m_axi_gmemq_BUSER       |  in |    1|    m_axi   |     gmemq    |    pointer   |
+------------------------+-----+-----+------------+--------------+--------------+

